Archive member included to satisfy reference by file (symbol)

c:/program files (x86)/atmel/studio/7.0/toolchain/avr8/avr8-gnu-toolchain/bin/../lib/gcc/avr/5.4.0/avr51\libgcc.a(_exit.o)
                              C:/Program Files (x86)/Atmel/Studio/7.0/Packs/atmel/ATmega_DFP/1.2.209/gcc/dev/at90usb1287/avr51/crtat90usb1287.o (exit)
c:/program files (x86)/atmel/studio/7.0/toolchain/avr8/avr8-gnu-toolchain/bin/../lib/gcc/avr/5.4.0/avr51\libgcc.a(_copy_data.o)
                              blinky.o (__do_copy_data)
c:/program files (x86)/atmel/studio/7.0/toolchain/avr8/avr8-gnu-toolchain/bin/../lib/gcc/avr/5.4.0/avr51\libgcc.a(_clear_bss.o)
                              adc.o (__do_clear_bss)
c:/program files (x86)/atmel/studio/7.0/toolchain/avr8/avr8-gnu-toolchain/bin/../lib/gcc/avr/5.4.0/../../../../avr/lib/avr51\libc.a(malloc.o)
                              linkedlist.o (malloc)
c:/program files (x86)/atmel/studio/7.0/toolchain/avr8/avr8-gnu-toolchain/bin/../lib/gcc/avr/5.4.0/../../../../avr/lib/avr51\libc.a(memset.o)
                              sys.o (memset)
c:/program files (x86)/atmel/studio/7.0/toolchain/avr8/avr8-gnu-toolchain/bin/../lib/gcc/avr/5.4.0/../../../../avr/lib/avr51\libc.a(sprintf.o)
                              DATAACQ.o (sprintf)
c:/program files (x86)/atmel/studio/7.0/toolchain/avr8/avr8-gnu-toolchain/bin/../lib/gcc/avr/5.4.0/../../../../avr/lib/avr51\libc.a(vfprintf_std.o)
                              c:/program files (x86)/atmel/studio/7.0/toolchain/avr8/avr8-gnu-toolchain/bin/../lib/gcc/avr/5.4.0/../../../../avr/lib/avr51\libc.a(sprintf.o) (vfprintf)
c:/program files (x86)/atmel/studio/7.0/toolchain/avr8/avr8-gnu-toolchain/bin/../lib/gcc/avr/5.4.0/../../../../avr/lib/avr51\libc.a(strnlen_P.o)
                              c:/program files (x86)/atmel/studio/7.0/toolchain/avr8/avr8-gnu-toolchain/bin/../lib/gcc/avr/5.4.0/../../../../avr/lib/avr51\libc.a(vfprintf_std.o) (strnlen_P)
c:/program files (x86)/atmel/studio/7.0/toolchain/avr8/avr8-gnu-toolchain/bin/../lib/gcc/avr/5.4.0/../../../../avr/lib/avr51\libc.a(strnlen.o)
                              c:/program files (x86)/atmel/studio/7.0/toolchain/avr8/avr8-gnu-toolchain/bin/../lib/gcc/avr/5.4.0/../../../../avr/lib/avr51\libc.a(vfprintf_std.o) (strnlen)
c:/program files (x86)/atmel/studio/7.0/toolchain/avr8/avr8-gnu-toolchain/bin/../lib/gcc/avr/5.4.0/../../../../avr/lib/avr51\libc.a(fputc.o)
                              c:/program files (x86)/atmel/studio/7.0/toolchain/avr8/avr8-gnu-toolchain/bin/../lib/gcc/avr/5.4.0/../../../../avr/lib/avr51\libc.a(vfprintf_std.o) (fputc)
c:/program files (x86)/atmel/studio/7.0/toolchain/avr8/avr8-gnu-toolchain/bin/../lib/gcc/avr/5.4.0/../../../../avr/lib/avr51\libc.a(ultoa_invert.o)
                              c:/program files (x86)/atmel/studio/7.0/toolchain/avr8/avr8-gnu-toolchain/bin/../lib/gcc/avr/5.4.0/../../../../avr/lib/avr51\libc.a(vfprintf_std.o) (__ultoa_invert)

Allocating common symbols
Common symbol       size              file

HEAD                0x2               adc.o
stepper             0xc               blinky.o
FRONT               0x2               adc.o
TAIL                0x2               adc.o
g_ADCResult         0x14              adc.o
g_ADCCount          0x2               adc.o
g_MotorOn           0x1               adc.o
__brkval            0x2               c:/program files (x86)/atmel/studio/7.0/toolchain/avr8/avr8-gnu-toolchain/bin/../lib/gcc/avr/5.4.0/../../../../avr/lib/avr51\libc.a(malloc.o)
g_WDTimeout         0x1               adc.o
__flp               0x2               c:/program files (x86)/atmel/studio/7.0/toolchain/avr8/avr8-gnu-toolchain/bin/../lib/gcc/avr/5.4.0/../../../../avr/lib/avr51\libc.a(malloc.o)
STAGE1              0x2               adc.o
_timer              0x48              adc.o
STAGE2              0x2               adc.o
g_PauseRequest      0x1               adc.o

Discarded input sections

 .data          0x00000000        0x0 C:/Program Files (x86)/Atmel/Studio/7.0/Packs/atmel/ATmega_DFP/1.2.209/gcc/dev/at90usb1287/avr51/crtat90usb1287.o
 .bss           0x00000000        0x0 C:/Program Files (x86)/Atmel/Studio/7.0/Packs/atmel/ATmega_DFP/1.2.209/gcc/dev/at90usb1287/avr51/crtat90usb1287.o
 .group         0x00000000        0x8 adc.o
 .group         0x00000000        0x8 adc.o
 .group         0x00000000        0x8 adc.o
 .group         0x00000000        0x8 adc.o
 .group         0x00000000        0x8 adc.o
 .group         0x00000000        0x8 adc.o
 .group         0x00000000        0x8 adc.o
 .group         0x00000000        0x8 adc.o
 .group         0x00000000        0x8 adc.o
 .group         0x00000000        0x8 adc.o
 .group         0x00000000        0x8 adc.o
 .group         0x00000000        0x8 adc.o
 .group         0x00000000        0x8 adc.o
 .group         0x00000000        0x8 adc.o
 .group         0x00000000        0x8 adc.o
 .group         0x00000000        0x8 adc.o
 .group         0x00000000        0x8 adc.o
 .group         0x00000000        0x8 adc.o
 .group         0x00000000        0x8 adc.o
 .group         0x00000000        0x8 adc.o
 .group         0x00000000        0x8 adc.o
 .text          0x00000000        0x0 adc.o
 .data          0x00000000        0x0 adc.o
 .bss           0x00000000        0x0 adc.o
 .group         0x00000000        0x8 blinky.o
 .group         0x00000000        0x8 blinky.o
 .group         0x00000000        0x8 blinky.o
 .group         0x00000000        0x8 blinky.o
 .group         0x00000000        0x8 blinky.o
 .group         0x00000000        0x8 blinky.o
 .group         0x00000000        0x8 blinky.o
 .group         0x00000000        0x8 blinky.o
 .group         0x00000000        0x8 blinky.o
 .group         0x00000000        0x8 blinky.o
 .group         0x00000000        0x8 blinky.o
 .group         0x00000000        0x8 blinky.o
 .group         0x00000000        0x8 blinky.o
 .group         0x00000000        0x8 blinky.o
 .group         0x00000000        0x8 blinky.o
 .group         0x00000000        0x8 blinky.o
 .group         0x00000000        0x8 blinky.o
 .group         0x00000000        0x8 blinky.o
 .group         0x00000000        0x8 blinky.o
 .group         0x00000000        0x8 blinky.o
 .group         0x00000000        0x8 blinky.o
 .group         0x00000000        0x8 blinky.o
 .group         0x00000000        0x8 blinky.o
 .group         0x00000000        0x8 blinky.o
 .text          0x00000000        0x0 blinky.o
 .data          0x00000000        0x0 blinky.o
 .bss           0x00000000        0x0 blinky.o
 .text.C_Blinky
                0x00000000        0x8 blinky.o
 .text.C_Shifty
                0x00000000       0x14 blinky.o
 .text.C_Picky  0x00000000        0x4 blinky.o
 .text.Do_Nothing
                0x00000000        0x2 blinky.o
 .rodata.str1.1
                0x00000000        0x9 blinky.o
 .text.Say_Hello
                0x00000000        0xa blinky.o
 .text.STEPPER_Task
                0x00000000        0x2 blinky.o
 .text.IDLE_Task
                0x00000000        0x2 blinky.o
 .debug_macro   0x00000000      0xa66 blinky.o
 .debug_macro   0x00000000       0x1c blinky.o
 .debug_macro   0x00000000      0x10e blinky.o
 .debug_macro   0x00000000       0x66 blinky.o
 .debug_macro   0x00000000      0x1c9 blinky.o
 .debug_macro   0x00000000       0x10 blinky.o
 .debug_macro   0x00000000      0x302 blinky.o
 .debug_macro   0x00000000       0x9e blinky.o
 .debug_macro   0x00000000     0x1953 blinky.o
 .debug_macro   0x00000000      0x106 blinky.o
 .debug_macro   0x00000000      0x1e0 blinky.o
 .debug_macro   0x00000000       0xcb blinky.o
 .debug_macro   0x00000000       0x34 blinky.o
 .debug_macro   0x00000000       0x18 blinky.o
 .debug_macro   0x00000000       0x6c blinky.o
 .debug_macro   0x00000000       0x22 blinky.o
 .debug_macro   0x00000000       0x40 blinky.o
 .debug_macro   0x00000000       0x20 blinky.o
 .debug_macro   0x00000000       0x16 blinky.o
 .group         0x00000000        0x8 DATAACQ.o
 .group         0x00000000        0x8 DATAACQ.o
 .group         0x00000000        0x8 DATAACQ.o
 .group         0x00000000        0x8 DATAACQ.o
 .group         0x00000000        0x8 DATAACQ.o
 .group         0x00000000        0x8 DATAACQ.o
 .group         0x00000000        0x8 DATAACQ.o
 .group         0x00000000        0x8 DATAACQ.o
 .group         0x00000000        0x8 DATAACQ.o
 .group         0x00000000        0x8 DATAACQ.o
 .group         0x00000000        0x8 DATAACQ.o
 .group         0x00000000        0x8 DATAACQ.o
 .group         0x00000000        0x8 DATAACQ.o
 .group         0x00000000        0x8 DATAACQ.o
 .group         0x00000000        0x8 DATAACQ.o
 .group         0x00000000        0x8 DATAACQ.o
 .group         0x00000000        0x8 DATAACQ.o
 .group         0x00000000        0x8 DATAACQ.o
 .group         0x00000000        0x8 DATAACQ.o
 .group         0x00000000        0x8 DATAACQ.o
 .group         0x00000000        0x8 DATAACQ.o
 .group         0x00000000        0x8 DATAACQ.o
 .group         0x00000000        0x8 DATAACQ.o
 .group         0x00000000        0x8 DATAACQ.o
 .group         0x00000000        0x8 DATAACQ.o
 .text          0x00000000        0x0 DATAACQ.o
 .data          0x00000000        0x0 DATAACQ.o
 .bss           0x00000000        0x0 DATAACQ.o
 .rodata.str1.1
                0x00000000        0xb DATAACQ.o
 .text.DATAACQ  0x00000000      0x172 DATAACQ.o
 .debug_info    0x00000000      0x4af DATAACQ.o
 .debug_abbrev  0x00000000      0x177 DATAACQ.o
 .debug_loc     0x00000000      0x181 DATAACQ.o
 .debug_aranges
                0x00000000       0x20 DATAACQ.o
 .debug_ranges  0x00000000       0x10 DATAACQ.o
 .debug_macro   0x00000000      0x18a DATAACQ.o
 .debug_macro   0x00000000      0xa66 DATAACQ.o
 .debug_macro   0x00000000       0x1c DATAACQ.o
 .debug_macro   0x00000000      0x10e DATAACQ.o
 .debug_macro   0x00000000       0x66 DATAACQ.o
 .debug_macro   0x00000000      0x1c9 DATAACQ.o
 .debug_macro   0x00000000       0x10 DATAACQ.o
 .debug_macro   0x00000000      0x302 DATAACQ.o
 .debug_macro   0x00000000       0x9e DATAACQ.o
 .debug_macro   0x00000000     0x1953 DATAACQ.o
 .debug_macro   0x00000000      0x106 DATAACQ.o
 .debug_macro   0x00000000      0x1e0 DATAACQ.o
 .debug_macro   0x00000000       0xcb DATAACQ.o
 .debug_macro   0x00000000       0x34 DATAACQ.o
 .debug_macro   0x00000000       0x18 DATAACQ.o
 .debug_macro   0x00000000       0x6c DATAACQ.o
 .debug_macro   0x00000000       0x69 DATAACQ.o
 .debug_macro   0x00000000       0x2e DATAACQ.o
 .debug_macro   0x00000000       0x68 DATAACQ.o
 .debug_macro   0x00000000       0x22 DATAACQ.o
 .debug_macro   0x00000000       0x40 DATAACQ.o
 .debug_macro   0x00000000       0x16 DATAACQ.o
 .debug_macro   0x00000000       0x20 DATAACQ.o
 .debug_macro   0x00000000       0x58 DATAACQ.o
 .debug_macro   0x00000000       0x10 DATAACQ.o
 .debug_macro   0x00000000       0xf2 DATAACQ.o
 .debug_line    0x00000000      0x49e DATAACQ.o
 .debug_str     0x00000000     0x8a43 DATAACQ.o
 .comment       0x00000000       0x31 DATAACQ.o
 .debug_frame   0x00000000       0x60 DATAACQ.o
 .group         0x00000000        0x8 EXECACQ.o
 .group         0x00000000        0x8 EXECACQ.o
 .group         0x00000000        0x8 EXECACQ.o
 .group         0x00000000        0x8 EXECACQ.o
 .group         0x00000000        0x8 EXECACQ.o
 .group         0x00000000        0x8 EXECACQ.o
 .group         0x00000000        0x8 EXECACQ.o
 .group         0x00000000        0x8 EXECACQ.o
 .group         0x00000000        0x8 EXECACQ.o
 .group         0x00000000        0x8 EXECACQ.o
 .group         0x00000000        0x8 EXECACQ.o
 .group         0x00000000        0x8 EXECACQ.o
 .group         0x00000000        0x8 EXECACQ.o
 .group         0x00000000        0x8 EXECACQ.o
 .group         0x00000000        0x8 EXECACQ.o
 .group         0x00000000        0x8 EXECACQ.o
 .group         0x00000000        0x8 EXECACQ.o
 .group         0x00000000        0x8 EXECACQ.o
 .group         0x00000000        0x8 EXECACQ.o
 .group         0x00000000        0x8 EXECACQ.o
 .group         0x00000000        0x8 EXECACQ.o
 .group         0x00000000        0x8 EXECACQ.o
 .group         0x00000000        0x8 EXECACQ.o
 .group         0x00000000        0x8 EXECACQ.o
 .group         0x00000000        0x8 EXECACQ.o
 .text          0x00000000        0x0 EXECACQ.o
 .data          0x00000000        0x0 EXECACQ.o
 .bss           0x00000000        0x0 EXECACQ.o
 .rodata.str1.1
                0x00000000       0x13 EXECACQ.o
 .text.EXECACQ  0x00000000       0xc6 EXECACQ.o
 .debug_info    0x00000000      0x587 EXECACQ.o
 .debug_abbrev  0x00000000      0x1b6 EXECACQ.o
 .debug_loc     0x00000000       0x4c EXECACQ.o
 .debug_aranges
                0x00000000       0x20 EXECACQ.o
 .debug_ranges  0x00000000       0x10 EXECACQ.o
 .debug_macro   0x00000000      0x18a EXECACQ.o
 .debug_macro   0x00000000      0xa66 EXECACQ.o
 .debug_macro   0x00000000       0x1c EXECACQ.o
 .debug_macro   0x00000000      0x10e EXECACQ.o
 .debug_macro   0x00000000       0x66 EXECACQ.o
 .debug_macro   0x00000000      0x1c9 EXECACQ.o
 .debug_macro   0x00000000       0x10 EXECACQ.o
 .debug_macro   0x00000000      0x302 EXECACQ.o
 .debug_macro   0x00000000       0x9e EXECACQ.o
 .debug_macro   0x00000000     0x1953 EXECACQ.o
 .debug_macro   0x00000000      0x106 EXECACQ.o
 .debug_macro   0x00000000      0x1e0 EXECACQ.o
 .debug_macro   0x00000000       0xcb EXECACQ.o
 .debug_macro   0x00000000       0x34 EXECACQ.o
 .debug_macro   0x00000000       0x18 EXECACQ.o
 .debug_macro   0x00000000       0x6c EXECACQ.o
 .debug_macro   0x00000000       0x69 EXECACQ.o
 .debug_macro   0x00000000       0x2e EXECACQ.o
 .debug_macro   0x00000000       0x68 EXECACQ.o
 .debug_macro   0x00000000       0x22 EXECACQ.o
 .debug_macro   0x00000000       0x40 EXECACQ.o
 .debug_macro   0x00000000       0x16 EXECACQ.o
 .debug_macro   0x00000000       0x20 EXECACQ.o
 .debug_macro   0x00000000       0x58 EXECACQ.o
 .debug_macro   0x00000000       0x10 EXECACQ.o
 .debug_macro   0x00000000       0xf2 EXECACQ.o
 .debug_line    0x00000000      0x40e EXECACQ.o
 .debug_str     0x00000000     0x8a24 EXECACQ.o
 .comment       0x00000000       0x31 EXECACQ.o
 .debug_frame   0x00000000       0x24 EXECACQ.o
 .group         0x00000000        0x8 linkedlist.o
 .group         0x00000000        0x8 linkedlist.o
 .group         0x00000000        0x8 linkedlist.o
 .group         0x00000000        0x8 linkedlist.o
 .group         0x00000000        0x8 linkedlist.o
 .group         0x00000000        0x8 linkedlist.o
 .group         0x00000000        0x8 linkedlist.o
 .group         0x00000000        0x8 linkedlist.o
 .group         0x00000000        0x8 linkedlist.o
 .group         0x00000000        0x8 linkedlist.o
 .group         0x00000000        0x8 linkedlist.o
 .group         0x00000000        0x8 linkedlist.o
 .group         0x00000000        0x8 linkedlist.o
 .group         0x00000000        0x8 linkedlist.o
 .group         0x00000000        0x8 linkedlist.o
 .group         0x00000000        0x8 linkedlist.o
 .group         0x00000000        0x8 linkedlist.o
 .group         0x00000000        0x8 linkedlist.o
 .group         0x00000000        0x8 linkedlist.o
 .text          0x00000000        0x0 linkedlist.o
 .data          0x00000000        0x0 linkedlist.o
 .bss           0x00000000        0x0 linkedlist.o
 .text.LL_TimerInit
                0x00000000       0x58 linkedlist.o
 .text.LL_TimerListInit
                0x00000000       0x22 linkedlist.o
 .text.LL_Prev  0x00000000        0x8 linkedlist.o
 .text.LL_AddSorted
                0x00000000       0x32 linkedlist.o
 .text.LL_Remove
                0x00000000       0x4c linkedlist.o
 .text.LL_Delete
                0x00000000        0xa linkedlist.o
 .text.LL_Head  0x00000000       0x14 linkedlist.o
 .text.LL_Size  0x00000000       0x22 linkedlist.o
 .text.LL_GetPriority
                0x00000000        0xa linkedlist.o
 .text.LL_IsPeriodic
                0x00000000        0xa linkedlist.o
 .text.LL_GetExpiry
                0x00000000        0xc linkedlist.o
 .text.LL_CallCallback
                0x00000000       0x1a linkedlist.o
 .text.LL_GetArg
                0x00000000        0xc linkedlist.o
 .text.LL_UpdateExpiry
                0x00000000        0xc linkedlist.o
 .text.LL_UpdatePriority
                0x00000000        0xa linkedlist.o
 .text.LL_UpdatePeriodic
                0x00000000        0xe linkedlist.o
 .text.LL_GetStatus
                0x00000000        0xa linkedlist.o
 .debug_macro   0x00000000      0xa66 linkedlist.o
 .debug_macro   0x00000000       0x1c linkedlist.o
 .debug_macro   0x00000000      0x10e linkedlist.o
 .debug_macro   0x00000000       0x66 linkedlist.o
 .debug_macro   0x00000000      0x1c9 linkedlist.o
 .debug_macro   0x00000000       0x22 linkedlist.o
 .debug_macro   0x00000000       0x10 linkedlist.o
 .debug_macro   0x00000000      0x302 linkedlist.o
 .debug_macro   0x00000000       0x9e linkedlist.o
 .debug_macro   0x00000000     0x1953 linkedlist.o
 .debug_macro   0x00000000      0x106 linkedlist.o
 .debug_macro   0x00000000      0x1e0 linkedlist.o
 .debug_macro   0x00000000       0xcb linkedlist.o
 .debug_macro   0x00000000       0x34 linkedlist.o
 .debug_macro   0x00000000       0x18 linkedlist.o
 .debug_macro   0x00000000       0x6c linkedlist.o
 .debug_macro   0x00000000       0x69 linkedlist.o
 .debug_macro   0x00000000       0x2e linkedlist.o
 .debug_macro   0x00000000       0x40 linkedlist.o
 .group         0x00000000        0x8 gpio.o
 .group         0x00000000        0x8 gpio.o
 .group         0x00000000        0x8 gpio.o
 .group         0x00000000        0x8 gpio.o
 .group         0x00000000        0x8 gpio.o
 .group         0x00000000        0x8 gpio.o
 .group         0x00000000        0x8 gpio.o
 .group         0x00000000        0x8 gpio.o
 .group         0x00000000        0x8 gpio.o
 .group         0x00000000        0x8 gpio.o
 .group         0x00000000        0x8 gpio.o
 .group         0x00000000        0x8 gpio.o
 .group         0x00000000        0x8 gpio.o
 .text          0x00000000        0x0 gpio.o
 .data          0x00000000        0x0 gpio.o
 .bss           0x00000000        0x0 gpio.o
 .debug_macro   0x00000000      0xa66 gpio.o
 .debug_macro   0x00000000       0x10 gpio.o
 .debug_macro   0x00000000      0x1c9 gpio.o
 .debug_macro   0x00000000       0x9e gpio.o
 .debug_macro   0x00000000     0x1953 gpio.o
 .debug_macro   0x00000000      0x106 gpio.o
 .debug_macro   0x00000000      0x1e0 gpio.o
 .debug_macro   0x00000000       0xcb gpio.o
 .debug_macro   0x00000000       0x34 gpio.o
 .debug_macro   0x00000000       0x18 gpio.o
 .debug_macro   0x00000000       0x6c gpio.o
 .debug_macro   0x00000000       0x69 gpio.o
 .group         0x00000000        0x8 LISTTEST.o
 .group         0x00000000        0x8 LISTTEST.o
 .group         0x00000000        0x8 LISTTEST.o
 .group         0x00000000        0x8 LISTTEST.o
 .group         0x00000000        0x8 LISTTEST.o
 .group         0x00000000        0x8 LISTTEST.o
 .group         0x00000000        0x8 LISTTEST.o
 .group         0x00000000        0x8 LISTTEST.o
 .group         0x00000000        0x8 LISTTEST.o
 .group         0x00000000        0x8 LISTTEST.o
 .group         0x00000000        0x8 LISTTEST.o
 .group         0x00000000        0x8 LISTTEST.o
 .group         0x00000000        0x8 LISTTEST.o
 .group         0x00000000        0x8 LISTTEST.o
 .group         0x00000000        0x8 LISTTEST.o
 .group         0x00000000        0x8 LISTTEST.o
 .group         0x00000000        0x8 LISTTEST.o
 .group         0x00000000        0x8 LISTTEST.o
 .group         0x00000000        0x8 LISTTEST.o
 .group         0x00000000        0x8 LISTTEST.o
 .group         0x00000000        0x8 LISTTEST.o
 .group         0x00000000        0x8 LISTTEST.o
 .group         0x00000000        0x8 LISTTEST.o
 .group         0x00000000        0x8 LISTTEST.o
 .group         0x00000000        0x8 LISTTEST.o
 .text          0x00000000        0x0 LISTTEST.o
 .data          0x00000000        0x0 LISTTEST.o
 .bss           0x00000000        0x0 LISTTEST.o
 .rodata.str1.1
                0x00000000       0x33 LISTTEST.o
 .text.LISTTEST
                0x00000000      0x13c LISTTEST.o
 .debug_info    0x00000000      0x825 LISTTEST.o
 .debug_abbrev  0x00000000      0x15f LISTTEST.o
 .debug_loc     0x00000000      0x16c LISTTEST.o
 .debug_aranges
                0x00000000       0x20 LISTTEST.o
 .debug_ranges  0x00000000       0x10 LISTTEST.o
 .debug_macro   0x00000000      0x18a LISTTEST.o
 .debug_macro   0x00000000      0xa66 LISTTEST.o
 .debug_macro   0x00000000       0x1c LISTTEST.o
 .debug_macro   0x00000000      0x10e LISTTEST.o
 .debug_macro   0x00000000       0x66 LISTTEST.o
 .debug_macro   0x00000000      0x1c9 LISTTEST.o
 .debug_macro   0x00000000       0x10 LISTTEST.o
 .debug_macro   0x00000000      0x302 LISTTEST.o
 .debug_macro   0x00000000       0x9e LISTTEST.o
 .debug_macro   0x00000000     0x1953 LISTTEST.o
 .debug_macro   0x00000000      0x106 LISTTEST.o
 .debug_macro   0x00000000      0x1e0 LISTTEST.o
 .debug_macro   0x00000000       0xcb LISTTEST.o
 .debug_macro   0x00000000       0x34 LISTTEST.o
 .debug_macro   0x00000000       0x18 LISTTEST.o
 .debug_macro   0x00000000       0x6c LISTTEST.o
 .debug_macro   0x00000000       0x69 LISTTEST.o
 .debug_macro   0x00000000       0x2e LISTTEST.o
 .debug_macro   0x00000000       0x68 LISTTEST.o
 .debug_macro   0x00000000       0x22 LISTTEST.o
 .debug_macro   0x00000000       0x40 LISTTEST.o
 .debug_macro   0x00000000       0x16 LISTTEST.o
 .debug_macro   0x00000000       0x20 LISTTEST.o
 .debug_macro   0x00000000       0x58 LISTTEST.o
 .debug_macro   0x00000000       0x10 LISTTEST.o
 .debug_macro   0x00000000       0xf2 LISTTEST.o
 .debug_line    0x00000000      0x426 LISTTEST.o
 .debug_str     0x00000000     0x8bc3 LISTTEST.o
 .comment       0x00000000       0x31 LISTTEST.o
 .debug_frame   0x00000000       0x50 LISTTEST.o
 .group         0x00000000        0x8 main.o
 .group         0x00000000        0x8 main.o
 .group         0x00000000        0x8 main.o
 .group         0x00000000        0x8 main.o
 .group         0x00000000        0x8 main.o
 .group         0x00000000        0x8 main.o
 .group         0x00000000        0x8 main.o
 .group         0x00000000        0x8 main.o
 .group         0x00000000        0x8 main.o
 .group         0x00000000        0x8 main.o
 .group         0x00000000        0x8 main.o
 .group         0x00000000        0x8 main.o
 .group         0x00000000        0x8 main.o
 .group         0x00000000        0x8 main.o
 .group         0x00000000        0x8 main.o
 .group         0x00000000        0x8 main.o
 .group         0x00000000        0x8 main.o
 .group         0x00000000        0x8 main.o
 .group         0x00000000        0x8 main.o
 .group         0x00000000        0x8 main.o
 .group         0x00000000        0x8 main.o
 .group         0x00000000        0x8 main.o
 .group         0x00000000        0x8 main.o
 .group         0x00000000        0x8 main.o
 .text          0x00000000        0x0 main.o
 .data          0x00000000        0x0 main.o
 .bss           0x00000000        0x0 main.o
 .rodata.ALUMINUM_BOUNDARY_LOW
                0x00000000        0x2 main.o
 .rodata.ALUMINUM_BOUNDARY_HIGH
                0x00000000        0x2 main.o
 .rodata.STEEL_BOUNDARY_LOW
                0x00000000        0x2 main.o
 .rodata.STEEL_BOUNDARY_HIGH
                0x00000000        0x2 main.o
 .rodata.WHITE_BOUNDARY_LOW
                0x00000000        0x2 main.o
 .rodata.WHITE_BOUNDARY_HIGH
                0x00000000        0x2 main.o
 .rodata.BLACK_BOUNDARY_LOW
                0x00000000        0x2 main.o
 .rodata.BLACK_BOUNDARY_HIGH
                0x00000000        0x2 main.o
 .debug_macro   0x00000000      0xa66 main.o
 .debug_macro   0x00000000       0x1c main.o
 .debug_macro   0x00000000      0x10e main.o
 .debug_macro   0x00000000       0x66 main.o
 .debug_macro   0x00000000      0x1c9 main.o
 .debug_macro   0x00000000       0x16 main.o
 .debug_macro   0x00000000       0x20 main.o
 .debug_macro   0x00000000       0x10 main.o
 .debug_macro   0x00000000      0x302 main.o
 .debug_macro   0x00000000       0x9e main.o
 .debug_macro   0x00000000     0x1953 main.o
 .debug_macro   0x00000000      0x106 main.o
 .debug_macro   0x00000000      0x1e0 main.o
 .debug_macro   0x00000000       0xcb main.o
 .debug_macro   0x00000000       0x34 main.o
 .debug_macro   0x00000000       0x18 main.o
 .debug_macro   0x00000000       0x6c main.o
 .debug_macro   0x00000000       0x69 main.o
 .debug_macro   0x00000000       0x22 main.o
 .debug_macro   0x00000000       0x34 main.o
 .debug_macro   0x00000000       0x40 main.o
 .debug_macro   0x00000000       0x58 main.o
 .debug_macro   0x00000000       0x10 main.o
 .debug_macro   0x00000000       0xf2 main.o
 .group         0x00000000        0x8 pwm.o
 .group         0x00000000        0x8 pwm.o
 .group         0x00000000        0x8 pwm.o
 .group         0x00000000        0x8 pwm.o
 .group         0x00000000        0x8 pwm.o
 .group         0x00000000        0x8 pwm.o
 .group         0x00000000        0x8 pwm.o
 .group         0x00000000        0x8 pwm.o
 .group         0x00000000        0x8 pwm.o
 .group         0x00000000        0x8 pwm.o
 .group         0x00000000        0x8 pwm.o
 .group         0x00000000        0x8 pwm.o
 .group         0x00000000        0x8 pwm.o
 .group         0x00000000        0x8 pwm.o
 .group         0x00000000        0x8 pwm.o
 .group         0x00000000        0x8 pwm.o
 .group         0x00000000        0x8 pwm.o
 .group         0x00000000        0x8 pwm.o
 .group         0x00000000        0x8 pwm.o
 .text          0x00000000        0x0 pwm.o
 .data          0x00000000        0x0 pwm.o
 .bss           0x00000000        0x0 pwm.o
 .debug_macro   0x00000000      0xa66 pwm.o
 .debug_macro   0x00000000       0x1c pwm.o
 .debug_macro   0x00000000      0x10e pwm.o
 .debug_macro   0x00000000       0x66 pwm.o
 .debug_macro   0x00000000      0x1c9 pwm.o
 .debug_macro   0x00000000       0x10 pwm.o
 .debug_macro   0x00000000      0x302 pwm.o
 .debug_macro   0x00000000       0x9e pwm.o
 .debug_macro   0x00000000     0x1953 pwm.o
 .debug_macro   0x00000000      0x106 pwm.o
 .debug_macro   0x00000000      0x1e0 pwm.o
 .debug_macro   0x00000000       0xcb pwm.o
 .debug_macro   0x00000000       0x34 pwm.o
 .debug_macro   0x00000000       0x18 pwm.o
 .debug_macro   0x00000000       0x6c pwm.o
 .debug_macro   0x00000000       0x63 pwm.o
 .debug_macro   0x00000000       0x34 pwm.o
 .debug_macro   0x00000000       0x22 pwm.o
 .debug_macro   0x00000000       0x40 pwm.o
 .group         0x00000000        0x8 src/ASF/common/services/clock/mega/sysclk.o
 .group         0x00000000        0x8 src/ASF/common/services/clock/mega/sysclk.o
 .group         0x00000000        0x8 src/ASF/common/services/clock/mega/sysclk.o
 .group         0x00000000        0x8 src/ASF/common/services/clock/mega/sysclk.o
 .group         0x00000000        0x8 src/ASF/common/services/clock/mega/sysclk.o
 .group         0x00000000        0x8 src/ASF/common/services/clock/mega/sysclk.o
 .group         0x00000000        0x8 src/ASF/common/services/clock/mega/sysclk.o
 .group         0x00000000        0x8 src/ASF/common/services/clock/mega/sysclk.o
 .group         0x00000000        0x8 src/ASF/common/services/clock/mega/sysclk.o
 .group         0x00000000        0x8 src/ASF/common/services/clock/mega/sysclk.o
 .group         0x00000000        0x8 src/ASF/common/services/clock/mega/sysclk.o
 .group         0x00000000        0x8 src/ASF/common/services/clock/mega/sysclk.o
 .group         0x00000000        0x8 src/ASF/common/services/clock/mega/sysclk.o
 .group         0x00000000        0x8 src/ASF/common/services/clock/mega/sysclk.o
 .group         0x00000000        0x8 src/ASF/common/services/clock/mega/sysclk.o
 .group         0x00000000        0x8 src/ASF/common/services/clock/mega/sysclk.o
 .group         0x00000000        0x8 src/ASF/common/services/clock/mega/sysclk.o
 .group         0x00000000        0x8 src/ASF/common/services/clock/mega/sysclk.o
 .group         0x00000000        0x8 src/ASF/common/services/clock/mega/sysclk.o
 .group         0x00000000        0x8 src/ASF/common/services/clock/mega/sysclk.o
 .group         0x00000000        0x8 src/ASF/common/services/clock/mega/sysclk.o
 .group         0x00000000        0x8 src/ASF/common/services/clock/mega/sysclk.o
 .group         0x00000000        0x8 src/ASF/common/services/clock/mega/sysclk.o
 .group         0x00000000        0x8 src/ASF/common/services/clock/mega/sysclk.o
 .group         0x00000000        0x8 src/ASF/common/services/clock/mega/sysclk.o
 .group         0x00000000        0x8 src/ASF/common/services/clock/mega/sysclk.o
 .group         0x00000000        0x8 src/ASF/common/services/clock/mega/sysclk.o
 .group         0x00000000        0x8 src/ASF/common/services/clock/mega/sysclk.o
 .text          0x00000000        0x0 src/ASF/common/services/clock/mega/sysclk.o
 .data          0x00000000        0x0 src/ASF/common/services/clock/mega/sysclk.o
 .bss           0x00000000        0x0 src/ASF/common/services/clock/mega/sysclk.o
 .text.sysclk_init
                0x00000000        0xc src/ASF/common/services/clock/mega/sysclk.o
 .text.sysclk_enable_module
                0x00000000        0x2 src/ASF/common/services/clock/mega/sysclk.o
 .text.sysclk_disable_module
                0x00000000        0x2 src/ASF/common/services/clock/mega/sysclk.o
 .debug_info    0x00000000      0x129 src/ASF/common/services/clock/mega/sysclk.o
 .debug_abbrev  0x00000000       0xbe src/ASF/common/services/clock/mega/sysclk.o
 .debug_loc     0x00000000       0x4e src/ASF/common/services/clock/mega/sysclk.o
 .debug_aranges
                0x00000000       0x30 src/ASF/common/services/clock/mega/sysclk.o
 .debug_ranges  0x00000000       0x20 src/ASF/common/services/clock/mega/sysclk.o
 .debug_macro   0x00000000      0x16a src/ASF/common/services/clock/mega/sysclk.o
 .debug_macro   0x00000000      0xa66 src/ASF/common/services/clock/mega/sysclk.o
 .debug_macro   0x00000000       0x10 src/ASF/common/services/clock/mega/sysclk.o
 .debug_macro   0x00000000      0x1c9 src/ASF/common/services/clock/mega/sysclk.o
 .debug_macro   0x00000000      0x2fc src/ASF/common/services/clock/mega/sysclk.o
 .debug_macro   0x00000000       0x9e src/ASF/common/services/clock/mega/sysclk.o
 .debug_macro   0x00000000     0x1953 src/ASF/common/services/clock/mega/sysclk.o
 .debug_macro   0x00000000      0x106 src/ASF/common/services/clock/mega/sysclk.o
 .debug_macro   0x00000000      0x1e0 src/ASF/common/services/clock/mega/sysclk.o
 .debug_macro   0x00000000       0xcb src/ASF/common/services/clock/mega/sysclk.o
 .debug_macro   0x00000000       0x34 src/ASF/common/services/clock/mega/sysclk.o
 .debug_macro   0x00000000       0x18 src/ASF/common/services/clock/mega/sysclk.o
 .debug_macro   0x00000000       0x6c src/ASF/common/services/clock/mega/sysclk.o
 .debug_macro   0x00000000       0x22 src/ASF/common/services/clock/mega/sysclk.o
 .debug_macro   0x00000000      0x16d src/ASF/common/services/clock/mega/sysclk.o
 .debug_macro   0x00000000       0x1c src/ASF/common/services/clock/mega/sysclk.o
 .debug_macro   0x00000000       0x35 src/ASF/common/services/clock/mega/sysclk.o
 .debug_macro   0x00000000       0x66 src/ASF/common/services/clock/mega/sysclk.o
 .debug_macro   0x00000000      0x6d7 src/ASF/common/services/clock/mega/sysclk.o
 .debug_macro   0x00000000       0x43 src/ASF/common/services/clock/mega/sysclk.o
 .debug_macro   0x00000000       0x69 src/ASF/common/services/clock/mega/sysclk.o
 .debug_macro   0x00000000       0x2b src/ASF/common/services/clock/mega/sysclk.o
 .debug_macro   0x00000000       0x10 src/ASF/common/services/clock/mega/sysclk.o
 .debug_macro   0x00000000      0x175 src/ASF/common/services/clock/mega/sysclk.o
 .debug_macro   0x00000000       0x40 src/ASF/common/services/clock/mega/sysclk.o
 .debug_macro   0x00000000      0x100 src/ASF/common/services/clock/mega/sysclk.o
 .debug_macro   0x00000000       0x3a src/ASF/common/services/clock/mega/sysclk.o
 .debug_macro   0x00000000      0x2c3 src/ASF/common/services/clock/mega/sysclk.o
 .debug_macro   0x00000000       0x64 src/ASF/common/services/clock/mega/sysclk.o
 .debug_line    0x00000000      0x41b src/ASF/common/services/clock/mega/sysclk.o
 .debug_str     0x00000000    0x12510 src/ASF/common/services/clock/mega/sysclk.o
 .comment       0x00000000       0x31 src/ASF/common/services/clock/mega/sysclk.o
 .debug_frame   0x00000000       0x44 src/ASF/common/services/clock/mega/sysclk.o
 .group         0x00000000        0x8 stepper.o
 .group         0x00000000        0x8 stepper.o
 .group         0x00000000        0x8 stepper.o
 .group         0x00000000        0x8 stepper.o
 .group         0x00000000        0x8 stepper.o
 .group         0x00000000        0x8 stepper.o
 .group         0x00000000        0x8 stepper.o
 .group         0x00000000        0x8 stepper.o
 .group         0x00000000        0x8 stepper.o
 .group         0x00000000        0x8 stepper.o
 .group         0x00000000        0x8 stepper.o
 .group         0x00000000        0x8 stepper.o
 .group         0x00000000        0x8 stepper.o
 .group         0x00000000        0x8 stepper.o
 .group         0x00000000        0x8 stepper.o
 .group         0x00000000        0x8 stepper.o
 .group         0x00000000        0x8 stepper.o
 .group         0x00000000        0x8 stepper.o
 .group         0x00000000        0x8 stepper.o
 .text          0x00000000        0x0 stepper.o
 .data          0x00000000        0x0 stepper.o
 .bss           0x00000000        0x0 stepper.o
 .debug_macro   0x00000000      0xa66 stepper.o
 .debug_macro   0x00000000       0x1c stepper.o
 .debug_macro   0x00000000      0x10e stepper.o
 .debug_macro   0x00000000       0x66 stepper.o
 .debug_macro   0x00000000      0x1c9 stepper.o
 .debug_macro   0x00000000       0x10 stepper.o
 .debug_macro   0x00000000      0x302 stepper.o
 .debug_macro   0x00000000       0x9e stepper.o
 .debug_macro   0x00000000     0x1953 stepper.o
 .debug_macro   0x00000000      0x106 stepper.o
 .debug_macro   0x00000000      0x1e0 stepper.o
 .debug_macro   0x00000000       0xcb stepper.o
 .debug_macro   0x00000000       0x34 stepper.o
 .debug_macro   0x00000000       0x18 stepper.o
 .debug_macro   0x00000000       0x6c stepper.o
 .debug_macro   0x00000000       0x69 stepper.o
 .debug_macro   0x00000000       0x2e stepper.o
 .debug_macro   0x00000000       0x22 stepper.o
 .debug_macro   0x00000000       0x40 stepper.o
 .group         0x00000000        0x8 sys.o
 .group         0x00000000        0x8 sys.o
 .group         0x00000000        0x8 sys.o
 .group         0x00000000        0x8 sys.o
 .group         0x00000000        0x8 sys.o
 .group         0x00000000        0x8 sys.o
 .group         0x00000000        0x8 sys.o
 .group         0x00000000        0x8 sys.o
 .group         0x00000000        0x8 sys.o
 .group         0x00000000        0x8 sys.o
 .group         0x00000000        0x8 sys.o
 .group         0x00000000        0x8 sys.o
 .group         0x00000000        0x8 sys.o
 .group         0x00000000        0x8 sys.o
 .group         0x00000000        0x8 sys.o
 .group         0x00000000        0x8 sys.o
 .group         0x00000000        0x8 sys.o
 .group         0x00000000        0x8 sys.o
 .group         0x00000000        0x8 sys.o
 .group         0x00000000        0x8 sys.o
 .group         0x00000000        0x8 sys.o
 .group         0x00000000        0x8 sys.o
 .group         0x00000000        0x8 sys.o
 .group         0x00000000        0x8 sys.o
 .text          0x00000000        0x0 sys.o
 .data          0x00000000        0x0 sys.o
 .bss           0x00000000        0x0 sys.o
 .text.SYS_Pause
                0x00000000      0x23e sys.o
 .text.SYS_Calibrate
                0x00000000       0xfe sys.o
 .debug_macro   0x00000000      0xa66 sys.o
 .debug_macro   0x00000000       0x1c sys.o
 .debug_macro   0x00000000      0x10e sys.o
 .debug_macro   0x00000000       0x66 sys.o
 .debug_macro   0x00000000      0x1c9 sys.o
 .debug_macro   0x00000000       0x16 sys.o
 .debug_macro   0x00000000       0x20 sys.o
 .debug_macro   0x00000000       0x10 sys.o
 .debug_macro   0x00000000      0x302 sys.o
 .debug_macro   0x00000000       0x9e sys.o
 .debug_macro   0x00000000     0x1953 sys.o
 .debug_macro   0x00000000      0x106 sys.o
 .debug_macro   0x00000000      0x1e0 sys.o
 .debug_macro   0x00000000       0xcb sys.o
 .debug_macro   0x00000000       0x34 sys.o
 .debug_macro   0x00000000       0x18 sys.o
 .debug_macro   0x00000000       0x6c sys.o
 .debug_macro   0x00000000       0x69 sys.o
 .debug_macro   0x00000000       0x22 sys.o
 .debug_macro   0x00000000       0x34 sys.o
 .debug_macro   0x00000000       0x40 sys.o
 .debug_macro   0x00000000       0x58 sys.o
 .debug_macro   0x00000000       0x10 sys.o
 .debug_macro   0x00000000       0xf2 sys.o
 .group         0x00000000        0x8 timer.o
 .group         0x00000000        0x8 timer.o
 .group         0x00000000        0x8 timer.o
 .group         0x00000000        0x8 timer.o
 .group         0x00000000        0x8 timer.o
 .group         0x00000000        0x8 timer.o
 .group         0x00000000        0x8 timer.o
 .group         0x00000000        0x8 timer.o
 .group         0x00000000        0x8 timer.o
 .group         0x00000000        0x8 timer.o
 .group         0x00000000        0x8 timer.o
 .group         0x00000000        0x8 timer.o
 .group         0x00000000        0x8 timer.o
 .group         0x00000000        0x8 timer.o
 .group         0x00000000        0x8 timer.o
 .group         0x00000000        0x8 timer.o
 .group         0x00000000        0x8 timer.o
 .group         0x00000000        0x8 timer.o
 .group         0x00000000        0x8 timer.o
 .group         0x00000000        0x8 timer.o
 .group         0x00000000        0x8 timer.o
 .text          0x00000000        0x0 timer.o
 .data          0x00000000        0x0 timer.o
 .bss           0x00000000        0x0 timer.o
 .text.Delay_Create
                0x00000000        0x2 timer.o
 .debug_macro   0x00000000      0xa66 timer.o
 .debug_macro   0x00000000       0x1c timer.o
 .debug_macro   0x00000000      0x10e timer.o
 .debug_macro   0x00000000       0x66 timer.o
 .debug_macro   0x00000000      0x1c9 timer.o
 .debug_macro   0x00000000       0x10 timer.o
 .debug_macro   0x00000000      0x302 timer.o
 .debug_macro   0x00000000       0x9e timer.o
 .debug_macro   0x00000000     0x1953 timer.o
 .debug_macro   0x00000000      0x106 timer.o
 .debug_macro   0x00000000      0x1e0 timer.o
 .debug_macro   0x00000000       0xcb timer.o
 .debug_macro   0x00000000       0x34 timer.o
 .debug_macro   0x00000000       0x18 timer.o
 .debug_macro   0x00000000       0x6c timer.o
 .debug_macro   0x00000000       0x69 timer.o
 .debug_macro   0x00000000       0x22 timer.o
 .debug_macro   0x00000000       0x34 timer.o
 .debug_macro   0x00000000       0x40 timer.o
 .debug_macro   0x00000000       0x16 timer.o
 .debug_macro   0x00000000       0x20 timer.o
 .group         0x00000000        0x8 TIMERTEST.o
 .group         0x00000000        0x8 TIMERTEST.o
 .group         0x00000000        0x8 TIMERTEST.o
 .group         0x00000000        0x8 TIMERTEST.o
 .group         0x00000000        0x8 TIMERTEST.o
 .group         0x00000000        0x8 TIMERTEST.o
 .group         0x00000000        0x8 TIMERTEST.o
 .group         0x00000000        0x8 TIMERTEST.o
 .group         0x00000000        0x8 TIMERTEST.o
 .group         0x00000000        0x8 TIMERTEST.o
 .group         0x00000000        0x8 TIMERTEST.o
 .group         0x00000000        0x8 TIMERTEST.o
 .group         0x00000000        0x8 TIMERTEST.o
 .group         0x00000000        0x8 TIMERTEST.o
 .group         0x00000000        0x8 TIMERTEST.o
 .group         0x00000000        0x8 TIMERTEST.o
 .group         0x00000000        0x8 TIMERTEST.o
 .group         0x00000000        0x8 TIMERTEST.o
 .group         0x00000000        0x8 TIMERTEST.o
 .group         0x00000000        0x8 TIMERTEST.o
 .group         0x00000000        0x8 TIMERTEST.o
 .group         0x00000000        0x8 TIMERTEST.o
 .group         0x00000000        0x8 TIMERTEST.o
 .group         0x00000000        0x8 TIMERTEST.o
 .group         0x00000000        0x8 TIMERTEST.o
 .text          0x00000000        0x0 TIMERTEST.o
 .data          0x00000000        0x0 TIMERTEST.o
 .bss           0x00000000        0x0 TIMERTEST.o
 .rodata.str1.1
                0x00000000       0x10 TIMERTEST.o
 .text.TIMERTEST
                0x00000000       0x40 TIMERTEST.o
 .debug_info    0x00000000      0x42f TIMERTEST.o
 .debug_abbrev  0x00000000      0x132 TIMERTEST.o
 .debug_aranges
                0x00000000       0x20 TIMERTEST.o
 .debug_ranges  0x00000000       0x10 TIMERTEST.o
 .debug_macro   0x00000000      0x18a TIMERTEST.o
 .debug_macro   0x00000000      0xa66 TIMERTEST.o
 .debug_macro   0x00000000       0x1c TIMERTEST.o
 .debug_macro   0x00000000      0x10e TIMERTEST.o
 .debug_macro   0x00000000       0x66 TIMERTEST.o
 .debug_macro   0x00000000      0x1c9 TIMERTEST.o
 .debug_macro   0x00000000       0x10 TIMERTEST.o
 .debug_macro   0x00000000      0x302 TIMERTEST.o
 .debug_macro   0x00000000       0x9e TIMERTEST.o
 .debug_macro   0x00000000     0x1953 TIMERTEST.o
 .debug_macro   0x00000000      0x106 TIMERTEST.o
 .debug_macro   0x00000000      0x1e0 TIMERTEST.o
 .debug_macro   0x00000000       0xcb TIMERTEST.o
 .debug_macro   0x00000000       0x34 TIMERTEST.o
 .debug_macro   0x00000000       0x18 TIMERTEST.o
 .debug_macro   0x00000000       0x6c TIMERTEST.o
 .debug_macro   0x00000000       0x69 TIMERTEST.o
 .debug_macro   0x00000000       0x2e TIMERTEST.o
 .debug_macro   0x00000000       0x68 TIMERTEST.o
 .debug_macro   0x00000000       0x22 TIMERTEST.o
 .debug_macro   0x00000000       0x40 TIMERTEST.o
 .debug_macro   0x00000000       0x16 TIMERTEST.o
 .debug_macro   0x00000000       0x20 TIMERTEST.o
 .debug_macro   0x00000000       0x58 TIMERTEST.o
 .debug_macro   0x00000000       0x10 TIMERTEST.o
 .debug_macro   0x00000000       0xf2 TIMERTEST.o
 .debug_line    0x00000000      0x3c2 TIMERTEST.o
 .debug_str     0x00000000     0x8a28 TIMERTEST.o
 .comment       0x00000000       0x31 TIMERTEST.o
 .debug_frame   0x00000000       0x24 TIMERTEST.o
 .group         0x00000000        0x8 uart.o
 .group         0x00000000        0x8 uart.o
 .group         0x00000000        0x8 uart.o
 .group         0x00000000        0x8 uart.o
 .group         0x00000000        0x8 uart.o
 .group         0x00000000        0x8 uart.o
 .group         0x00000000        0x8 uart.o
 .group         0x00000000        0x8 uart.o
 .group         0x00000000        0x8 uart.o
 .group         0x00000000        0x8 uart.o
 .group         0x00000000        0x8 uart.o
 .group         0x00000000        0x8 uart.o
 .group         0x00000000        0x8 uart.o
 .group         0x00000000        0x8 uart.o
 .group         0x00000000        0x8 uart.o
 .group         0x00000000        0x8 uart.o
 .group         0x00000000        0x8 uart.o
 .group         0x00000000        0x8 uart.o
 .group         0x00000000        0x8 uart.o
 .group         0x00000000        0x8 uart.o
 .group         0x00000000        0x8 uart.o
 .group         0x00000000        0x8 uart.o
 .text          0x00000000        0x0 uart.o
 .data          0x00000000        0x0 uart.o
 .bss           0x00000000        0x0 uart.o
 .text.UART_Recieve
                0x00000000       0x10 uart.o
 .rodata.FOSC   0x00000000        0x4 uart.o
 .debug_macro   0x00000000      0xa66 uart.o
 .debug_macro   0x00000000       0x1c uart.o
 .debug_macro   0x00000000      0x10e uart.o
 .debug_macro   0x00000000       0x66 uart.o
 .debug_macro   0x00000000      0x1c9 uart.o
 .debug_macro   0x00000000      0x302 uart.o
 .debug_macro   0x00000000       0x58 uart.o
 .debug_macro   0x00000000       0x10 uart.o
 .debug_macro   0x00000000       0x20 uart.o
 .debug_macro   0x00000000       0xf2 uart.o
 .debug_macro   0x00000000     0x1953 uart.o
 .debug_macro   0x00000000      0x106 uart.o
 .debug_macro   0x00000000      0x1e0 uart.o
 .debug_macro   0x00000000       0xcb uart.o
 .debug_macro   0x00000000       0x34 uart.o
 .debug_macro   0x00000000       0x18 uart.o
 .debug_macro   0x00000000       0x6c uart.o
 .debug_macro   0x00000000       0x69 uart.o
 .debug_macro   0x00000000       0x22 uart.o
 .debug_macro   0x00000000       0x34 uart.o
 .debug_macro   0x00000000       0x40 uart.o
 .group         0x00000000        0x8 src/ASF/common/boards/user_board/init.o
 .group         0x00000000        0x8 src/ASF/common/boards/user_board/init.o
 .group         0x00000000        0x8 src/ASF/common/boards/user_board/init.o
 .group         0x00000000        0x8 src/ASF/common/boards/user_board/init.o
 .group         0x00000000        0x8 src/ASF/common/boards/user_board/init.o
 .group         0x00000000        0x8 src/ASF/common/boards/user_board/init.o
 .group         0x00000000        0x8 src/ASF/common/boards/user_board/init.o
 .group         0x00000000        0x8 src/ASF/common/boards/user_board/init.o
 .group         0x00000000        0x8 src/ASF/common/boards/user_board/init.o
 .group         0x00000000        0x8 src/ASF/common/boards/user_board/init.o
 .group         0x00000000        0x8 src/ASF/common/boards/user_board/init.o
 .group         0x00000000        0x8 src/ASF/common/boards/user_board/init.o
 .group         0x00000000        0x8 src/ASF/common/boards/user_board/init.o
 .group         0x00000000        0x8 src/ASF/common/boards/user_board/init.o
 .group         0x00000000        0x8 src/ASF/common/boards/user_board/init.o
 .group         0x00000000        0x8 src/ASF/common/boards/user_board/init.o
 .group         0x00000000        0x8 src/ASF/common/boards/user_board/init.o
 .group         0x00000000        0x8 src/ASF/common/boards/user_board/init.o
 .group         0x00000000        0x8 src/ASF/common/boards/user_board/init.o
 .group         0x00000000        0x8 src/ASF/common/boards/user_board/init.o
 .group         0x00000000        0x8 src/ASF/common/boards/user_board/init.o
 .group         0x00000000        0x8 src/ASF/common/boards/user_board/init.o
 .group         0x00000000        0x8 src/ASF/common/boards/user_board/init.o
 .group         0x00000000        0x8 src/ASF/common/boards/user_board/init.o
 .group         0x00000000        0x8 src/ASF/common/boards/user_board/init.o
 .group         0x00000000        0x8 src/ASF/common/boards/user_board/init.o
 .group         0x00000000        0x8 src/ASF/common/boards/user_board/init.o
 .group         0x00000000        0x8 src/ASF/common/boards/user_board/init.o
 .group         0x00000000        0x8 src/ASF/common/boards/user_board/init.o
 .group         0x00000000        0x8 src/ASF/common/boards/user_board/init.o
 .group         0x00000000        0x8 src/ASF/common/boards/user_board/init.o
 .text          0x00000000        0x0 src/ASF/common/boards/user_board/init.o
 .data          0x00000000        0x0 src/ASF/common/boards/user_board/init.o
 .bss           0x00000000        0x0 src/ASF/common/boards/user_board/init.o
 .text.board_init
                0x00000000        0x2 src/ASF/common/boards/user_board/init.o
 .debug_info    0x00000000       0x7c src/ASF/common/boards/user_board/init.o
 .debug_abbrev  0x00000000       0x47 src/ASF/common/boards/user_board/init.o
 .debug_aranges
                0x00000000       0x20 src/ASF/common/boards/user_board/init.o
 .debug_ranges  0x00000000       0x10 src/ASF/common/boards/user_board/init.o
 .debug_macro   0x00000000      0x1b2 src/ASF/common/boards/user_board/init.o
 .debug_macro   0x00000000      0xa66 src/ASF/common/boards/user_board/init.o
 .debug_macro   0x00000000       0x10 src/ASF/common/boards/user_board/init.o
 .debug_macro   0x00000000      0x1c9 src/ASF/common/boards/user_board/init.o
 .debug_macro   0x00000000      0x2fc src/ASF/common/boards/user_board/init.o
 .debug_macro   0x00000000       0x9e src/ASF/common/boards/user_board/init.o
 .debug_macro   0x00000000     0x1953 src/ASF/common/boards/user_board/init.o
 .debug_macro   0x00000000      0x106 src/ASF/common/boards/user_board/init.o
 .debug_macro   0x00000000      0x1e0 src/ASF/common/boards/user_board/init.o
 .debug_macro   0x00000000       0xcb src/ASF/common/boards/user_board/init.o
 .debug_macro   0x00000000       0x34 src/ASF/common/boards/user_board/init.o
 .debug_macro   0x00000000       0x18 src/ASF/common/boards/user_board/init.o
 .debug_macro   0x00000000       0x6c src/ASF/common/boards/user_board/init.o
 .debug_macro   0x00000000       0x22 src/ASF/common/boards/user_board/init.o
 .debug_macro   0x00000000      0x16d src/ASF/common/boards/user_board/init.o
 .debug_macro   0x00000000       0x1c src/ASF/common/boards/user_board/init.o
 .debug_macro   0x00000000       0x35 src/ASF/common/boards/user_board/init.o
 .debug_macro   0x00000000       0x66 src/ASF/common/boards/user_board/init.o
 .debug_macro   0x00000000      0x6d7 src/ASF/common/boards/user_board/init.o
 .debug_macro   0x00000000       0x43 src/ASF/common/boards/user_board/init.o
 .debug_macro   0x00000000       0x69 src/ASF/common/boards/user_board/init.o
 .debug_macro   0x00000000       0x2b src/ASF/common/boards/user_board/init.o
 .debug_macro   0x00000000       0x10 src/ASF/common/boards/user_board/init.o
 .debug_macro   0x00000000      0x175 src/ASF/common/boards/user_board/init.o
 .debug_macro   0x00000000       0x40 src/ASF/common/boards/user_board/init.o
 .debug_macro   0x00000000      0x100 src/ASF/common/boards/user_board/init.o
 .debug_macro   0x00000000       0x22 src/ASF/common/boards/user_board/init.o
 .debug_macro   0x00000000       0x5c src/ASF/common/boards/user_board/init.o
 .debug_macro   0x00000000       0x40 src/ASF/common/boards/user_board/init.o
 .debug_macro   0x00000000      0x2c3 src/ASF/common/boards/user_board/init.o
 .debug_macro   0x00000000       0x3a src/ASF/common/boards/user_board/init.o
 .debug_macro   0x00000000       0x6a src/ASF/common/boards/user_board/init.o
 .debug_line    0x00000000      0x509 src/ASF/common/boards/user_board/init.o
 .debug_str     0x00000000    0x12990 src/ASF/common/boards/user_board/init.o
 .comment       0x00000000       0x31 src/ASF/common/boards/user_board/init.o
 .debug_frame   0x00000000       0x24 src/ASF/common/boards/user_board/init.o
 .text          0x00000000        0x0 c:/program files (x86)/atmel/studio/7.0/toolchain/avr8/avr8-gnu-toolchain/bin/../lib/gcc/avr/5.4.0/avr51\libgcc.a(_exit.o)
 .data          0x00000000        0x0 c:/program files (x86)/atmel/studio/7.0/toolchain/avr8/avr8-gnu-toolchain/bin/../lib/gcc/avr/5.4.0/avr51\libgcc.a(_exit.o)
 .bss           0x00000000        0x0 c:/program files (x86)/atmel/studio/7.0/toolchain/avr8/avr8-gnu-toolchain/bin/../lib/gcc/avr/5.4.0/avr51\libgcc.a(_exit.o)
 .text.libgcc.mul
                0x00000000        0x0 c:/program files (x86)/atmel/studio/7.0/toolchain/avr8/avr8-gnu-toolchain/bin/../lib/gcc/avr/5.4.0/avr51\libgcc.a(_exit.o)
 .text.libgcc.div
                0x00000000        0x0 c:/program files (x86)/atmel/studio/7.0/toolchain/avr8/avr8-gnu-toolchain/bin/../lib/gcc/avr/5.4.0/avr51\libgcc.a(_exit.o)
 .text.libgcc   0x00000000        0x0 c:/program files (x86)/atmel/studio/7.0/toolchain/avr8/avr8-gnu-toolchain/bin/../lib/gcc/avr/5.4.0/avr51\libgcc.a(_exit.o)
 .text.libgcc.prologue
                0x00000000        0x0 c:/program files (x86)/atmel/studio/7.0/toolchain/avr8/avr8-gnu-toolchain/bin/../lib/gcc/avr/5.4.0/avr51\libgcc.a(_exit.o)
 .text.libgcc.builtins
                0x00000000        0x0 c:/program files (x86)/atmel/studio/7.0/toolchain/avr8/avr8-gnu-toolchain/bin/../lib/gcc/avr/5.4.0/avr51\libgcc.a(_exit.o)
 .text.libgcc.fmul
                0x00000000        0x0 c:/program files (x86)/atmel/studio/7.0/toolchain/avr8/avr8-gnu-toolchain/bin/../lib/gcc/avr/5.4.0/avr51\libgcc.a(_exit.o)
 .text.libgcc.fixed
                0x00000000        0x0 c:/program files (x86)/atmel/studio/7.0/toolchain/avr8/avr8-gnu-toolchain/bin/../lib/gcc/avr/5.4.0/avr51\libgcc.a(_exit.o)
 .text          0x00000000        0x0 c:/program files (x86)/atmel/studio/7.0/toolchain/avr8/avr8-gnu-toolchain/bin/../lib/gcc/avr/5.4.0/avr51\libgcc.a(_copy_data.o)
 .data          0x00000000        0x0 c:/program files (x86)/atmel/studio/7.0/toolchain/avr8/avr8-gnu-toolchain/bin/../lib/gcc/avr/5.4.0/avr51\libgcc.a(_copy_data.o)
 .bss           0x00000000        0x0 c:/program files (x86)/atmel/studio/7.0/toolchain/avr8/avr8-gnu-toolchain/bin/../lib/gcc/avr/5.4.0/avr51\libgcc.a(_copy_data.o)
 .text.libgcc.mul
                0x00000000        0x0 c:/program files (x86)/atmel/studio/7.0/toolchain/avr8/avr8-gnu-toolchain/bin/../lib/gcc/avr/5.4.0/avr51\libgcc.a(_copy_data.o)
 .text.libgcc.div
                0x00000000        0x0 c:/program files (x86)/atmel/studio/7.0/toolchain/avr8/avr8-gnu-toolchain/bin/../lib/gcc/avr/5.4.0/avr51\libgcc.a(_copy_data.o)
 .text.libgcc   0x00000000        0x0 c:/program files (x86)/atmel/studio/7.0/toolchain/avr8/avr8-gnu-toolchain/bin/../lib/gcc/avr/5.4.0/avr51\libgcc.a(_copy_data.o)
 .text.libgcc.prologue
                0x00000000        0x0 c:/program files (x86)/atmel/studio/7.0/toolchain/avr8/avr8-gnu-toolchain/bin/../lib/gcc/avr/5.4.0/avr51\libgcc.a(_copy_data.o)
 .text.libgcc.builtins
                0x00000000        0x0 c:/program files (x86)/atmel/studio/7.0/toolchain/avr8/avr8-gnu-toolchain/bin/../lib/gcc/avr/5.4.0/avr51\libgcc.a(_copy_data.o)
 .text.libgcc.fmul
                0x00000000        0x0 c:/program files (x86)/atmel/studio/7.0/toolchain/avr8/avr8-gnu-toolchain/bin/../lib/gcc/avr/5.4.0/avr51\libgcc.a(_copy_data.o)
 .text.libgcc.fixed
                0x00000000        0x0 c:/program files (x86)/atmel/studio/7.0/toolchain/avr8/avr8-gnu-toolchain/bin/../lib/gcc/avr/5.4.0/avr51\libgcc.a(_copy_data.o)
 .text          0x00000000        0x0 c:/program files (x86)/atmel/studio/7.0/toolchain/avr8/avr8-gnu-toolchain/bin/../lib/gcc/avr/5.4.0/avr51\libgcc.a(_clear_bss.o)
 .data          0x00000000        0x0 c:/program files (x86)/atmel/studio/7.0/toolchain/avr8/avr8-gnu-toolchain/bin/../lib/gcc/avr/5.4.0/avr51\libgcc.a(_clear_bss.o)
 .bss           0x00000000        0x0 c:/program files (x86)/atmel/studio/7.0/toolchain/avr8/avr8-gnu-toolchain/bin/../lib/gcc/avr/5.4.0/avr51\libgcc.a(_clear_bss.o)
 .text.libgcc.mul
                0x00000000        0x0 c:/program files (x86)/atmel/studio/7.0/toolchain/avr8/avr8-gnu-toolchain/bin/../lib/gcc/avr/5.4.0/avr51\libgcc.a(_clear_bss.o)
 .text.libgcc.div
                0x00000000        0x0 c:/program files (x86)/atmel/studio/7.0/toolchain/avr8/avr8-gnu-toolchain/bin/../lib/gcc/avr/5.4.0/avr51\libgcc.a(_clear_bss.o)
 .text.libgcc   0x00000000        0x0 c:/program files (x86)/atmel/studio/7.0/toolchain/avr8/avr8-gnu-toolchain/bin/../lib/gcc/avr/5.4.0/avr51\libgcc.a(_clear_bss.o)
 .text.libgcc.prologue
                0x00000000        0x0 c:/program files (x86)/atmel/studio/7.0/toolchain/avr8/avr8-gnu-toolchain/bin/../lib/gcc/avr/5.4.0/avr51\libgcc.a(_clear_bss.o)
 .text.libgcc.builtins
                0x00000000        0x0 c:/program files (x86)/atmel/studio/7.0/toolchain/avr8/avr8-gnu-toolchain/bin/../lib/gcc/avr/5.4.0/avr51\libgcc.a(_clear_bss.o)
 .text.libgcc.fmul
                0x00000000        0x0 c:/program files (x86)/atmel/studio/7.0/toolchain/avr8/avr8-gnu-toolchain/bin/../lib/gcc/avr/5.4.0/avr51\libgcc.a(_clear_bss.o)
 .text.libgcc.fixed
                0x00000000        0x0 c:/program files (x86)/atmel/studio/7.0/toolchain/avr8/avr8-gnu-toolchain/bin/../lib/gcc/avr/5.4.0/avr51\libgcc.a(_clear_bss.o)
 .text          0x00000000        0x0 c:/program files (x86)/atmel/studio/7.0/toolchain/avr8/avr8-gnu-toolchain/bin/../lib/gcc/avr/5.4.0/../../../../avr/lib/avr51\libc.a(malloc.o)
 .bss           0x00000000        0x0 c:/program files (x86)/atmel/studio/7.0/toolchain/avr8/avr8-gnu-toolchain/bin/../lib/gcc/avr/5.4.0/../../../../avr/lib/avr51\libc.a(malloc.o)
 .text          0x00000000        0x0 c:/program files (x86)/atmel/studio/7.0/toolchain/avr8/avr8-gnu-toolchain/bin/../lib/gcc/avr/5.4.0/../../../../avr/lib/avr51\libc.a(memset.o)
 .data          0x00000000        0x0 c:/program files (x86)/atmel/studio/7.0/toolchain/avr8/avr8-gnu-toolchain/bin/../lib/gcc/avr/5.4.0/../../../../avr/lib/avr51\libc.a(memset.o)
 .bss           0x00000000        0x0 c:/program files (x86)/atmel/studio/7.0/toolchain/avr8/avr8-gnu-toolchain/bin/../lib/gcc/avr/5.4.0/../../../../avr/lib/avr51\libc.a(memset.o)
 .text          0x00000000        0x0 c:/program files (x86)/atmel/studio/7.0/toolchain/avr8/avr8-gnu-toolchain/bin/../lib/gcc/avr/5.4.0/../../../../avr/lib/avr51\libc.a(sprintf.o)
 .data          0x00000000        0x0 c:/program files (x86)/atmel/studio/7.0/toolchain/avr8/avr8-gnu-toolchain/bin/../lib/gcc/avr/5.4.0/../../../../avr/lib/avr51\libc.a(sprintf.o)
 .bss           0x00000000        0x0 c:/program files (x86)/atmel/studio/7.0/toolchain/avr8/avr8-gnu-toolchain/bin/../lib/gcc/avr/5.4.0/../../../../avr/lib/avr51\libc.a(sprintf.o)
 .text.avr-libc
                0x00000000       0x5e c:/program files (x86)/atmel/studio/7.0/toolchain/avr8/avr8-gnu-toolchain/bin/../lib/gcc/avr/5.4.0/../../../../avr/lib/avr51\libc.a(sprintf.o)
 .comment       0x00000000       0x31 c:/program files (x86)/atmel/studio/7.0/toolchain/avr8/avr8-gnu-toolchain/bin/../lib/gcc/avr/5.4.0/../../../../avr/lib/avr51\libc.a(sprintf.o)
 .text          0x00000000        0x0 c:/program files (x86)/atmel/studio/7.0/toolchain/avr8/avr8-gnu-toolchain/bin/../lib/gcc/avr/5.4.0/../../../../avr/lib/avr51\libc.a(vfprintf_std.o)
 .data          0x00000000        0x0 c:/program files (x86)/atmel/studio/7.0/toolchain/avr8/avr8-gnu-toolchain/bin/../lib/gcc/avr/5.4.0/../../../../avr/lib/avr51\libc.a(vfprintf_std.o)
 .bss           0x00000000        0x0 c:/program files (x86)/atmel/studio/7.0/toolchain/avr8/avr8-gnu-toolchain/bin/../lib/gcc/avr/5.4.0/../../../../avr/lib/avr51\libc.a(vfprintf_std.o)
 .text.avr-libc
                0x00000000      0x414 c:/program files (x86)/atmel/studio/7.0/toolchain/avr8/avr8-gnu-toolchain/bin/../lib/gcc/avr/5.4.0/../../../../avr/lib/avr51\libc.a(vfprintf_std.o)
 .comment       0x00000000       0x2d c:/program files (x86)/atmel/studio/7.0/toolchain/avr8/avr8-gnu-toolchain/bin/../lib/gcc/avr/5.4.0/../../../../avr/lib/avr51\libc.a(vfprintf_std.o)
 .text          0x00000000        0x0 c:/program files (x86)/atmel/studio/7.0/toolchain/avr8/avr8-gnu-toolchain/bin/../lib/gcc/avr/5.4.0/../../../../avr/lib/avr51\libc.a(strnlen_P.o)
 .data          0x00000000        0x0 c:/program files (x86)/atmel/studio/7.0/toolchain/avr8/avr8-gnu-toolchain/bin/../lib/gcc/avr/5.4.0/../../../../avr/lib/avr51\libc.a(strnlen_P.o)
 .bss           0x00000000        0x0 c:/program files (x86)/atmel/studio/7.0/toolchain/avr8/avr8-gnu-toolchain/bin/../lib/gcc/avr/5.4.0/../../../../avr/lib/avr51\libc.a(strnlen_P.o)
 .text.avr-libc
                0x00000000       0x16 c:/program files (x86)/atmel/studio/7.0/toolchain/avr8/avr8-gnu-toolchain/bin/../lib/gcc/avr/5.4.0/../../../../avr/lib/avr51\libc.a(strnlen_P.o)
 .text          0x00000000        0x0 c:/program files (x86)/atmel/studio/7.0/toolchain/avr8/avr8-gnu-toolchain/bin/../lib/gcc/avr/5.4.0/../../../../avr/lib/avr51\libc.a(strnlen.o)
 .data          0x00000000        0x0 c:/program files (x86)/atmel/studio/7.0/toolchain/avr8/avr8-gnu-toolchain/bin/../lib/gcc/avr/5.4.0/../../../../avr/lib/avr51\libc.a(strnlen.o)
 .bss           0x00000000        0x0 c:/program files (x86)/atmel/studio/7.0/toolchain/avr8/avr8-gnu-toolchain/bin/../lib/gcc/avr/5.4.0/../../../../avr/lib/avr51\libc.a(strnlen.o)
 .text.avr-libc
                0x00000000       0x16 c:/program files (x86)/atmel/studio/7.0/toolchain/avr8/avr8-gnu-toolchain/bin/../lib/gcc/avr/5.4.0/../../../../avr/lib/avr51\libc.a(strnlen.o)
 .text          0x00000000        0x0 c:/program files (x86)/atmel/studio/7.0/toolchain/avr8/avr8-gnu-toolchain/bin/../lib/gcc/avr/5.4.0/../../../../avr/lib/avr51\libc.a(fputc.o)
 .data          0x00000000        0x0 c:/program files (x86)/atmel/studio/7.0/toolchain/avr8/avr8-gnu-toolchain/bin/../lib/gcc/avr/5.4.0/../../../../avr/lib/avr51\libc.a(fputc.o)
 .bss           0x00000000        0x0 c:/program files (x86)/atmel/studio/7.0/toolchain/avr8/avr8-gnu-toolchain/bin/../lib/gcc/avr/5.4.0/../../../../avr/lib/avr51\libc.a(fputc.o)
 .text.avr-libc
                0x00000000       0x78 c:/program files (x86)/atmel/studio/7.0/toolchain/avr8/avr8-gnu-toolchain/bin/../lib/gcc/avr/5.4.0/../../../../avr/lib/avr51\libc.a(fputc.o)
 .comment       0x00000000       0x31 c:/program files (x86)/atmel/studio/7.0/toolchain/avr8/avr8-gnu-toolchain/bin/../lib/gcc/avr/5.4.0/../../../../avr/lib/avr51\libc.a(fputc.o)
 .text          0x00000000        0x0 c:/program files (x86)/atmel/studio/7.0/toolchain/avr8/avr8-gnu-toolchain/bin/../lib/gcc/avr/5.4.0/../../../../avr/lib/avr51\libc.a(ultoa_invert.o)
 .data          0x00000000        0x0 c:/program files (x86)/atmel/studio/7.0/toolchain/avr8/avr8-gnu-toolchain/bin/../lib/gcc/avr/5.4.0/../../../../avr/lib/avr51\libc.a(ultoa_invert.o)
 .bss           0x00000000        0x0 c:/program files (x86)/atmel/studio/7.0/toolchain/avr8/avr8-gnu-toolchain/bin/../lib/gcc/avr/5.4.0/../../../../avr/lib/avr51\libc.a(ultoa_invert.o)
 .text.avr-libc
                0x00000000       0xbc c:/program files (x86)/atmel/studio/7.0/toolchain/avr8/avr8-gnu-toolchain/bin/../lib/gcc/avr/5.4.0/../../../../avr/lib/avr51\libc.a(ultoa_invert.o)

Memory Configuration

Name             Origin             Length             Attributes
text             0x00000000         0x00020000         xr
data             0x00800100         0x0000ff00         rw !x
eeprom           0x00810000         0x00010000         rw !x
fuse             0x00820000         0x00000003         rw !x
lock             0x00830000         0x00000400         rw !x
signature        0x00840000         0x00000400         rw !x
user_signatures  0x00850000         0x00000400         rw !x
*default*        0x00000000         0xffffffff

Linker script and memory map

Address of section .data set to 0x800100
LOAD C:/Program Files (x86)/Atmel/Studio/7.0/Packs/atmel/ATmega_DFP/1.2.209/gcc/dev/at90usb1287/avr51/crtat90usb1287.o
LOAD adc.o
LOAD blinky.o
LOAD DATAACQ.o
LOAD EXECACQ.o
LOAD linkedlist.o
LOAD gpio.o
LOAD LISTTEST.o
LOAD main.o
LOAD pwm.o
LOAD src/ASF/common/services/clock/mega/sysclk.o
LOAD stepper.o
LOAD sys.o
LOAD timer.o
LOAD TIMERTEST.o
LOAD uart.o
LOAD src/ASF/common/boards/user_board/init.o
START GROUP
LOAD c:/program files (x86)/atmel/studio/7.0/toolchain/avr8/avr8-gnu-toolchain/bin/../lib/gcc/avr/5.4.0/../../../../avr/lib/avr51\libm.a
END GROUP
START GROUP
LOAD c:/program files (x86)/atmel/studio/7.0/toolchain/avr8/avr8-gnu-toolchain/bin/../lib/gcc/avr/5.4.0/avr51\libgcc.a
LOAD c:/program files (x86)/atmel/studio/7.0/toolchain/avr8/avr8-gnu-toolchain/bin/../lib/gcc/avr/5.4.0/../../../../avr/lib/avr51\libm.a
LOAD c:/program files (x86)/atmel/studio/7.0/toolchain/avr8/avr8-gnu-toolchain/bin/../lib/gcc/avr/5.4.0/../../../../avr/lib/avr51\libc.a
LOAD C:/Program Files (x86)/Atmel/Studio/7.0/Packs/atmel/ATmega_DFP/1.2.209/gcc/dev/at90usb1287/avr51\libat90usb1287.a
END GROUP
                0x00020000                __TEXT_REGION_LENGTH__ = DEFINED (__TEXT_REGION_LENGTH__)?__TEXT_REGION_LENGTH__:0x20000
                0x0000ff00                __DATA_REGION_LENGTH__ = DEFINED (__DATA_REGION_LENGTH__)?__DATA_REGION_LENGTH__:0xff00
                0x00010000                __EEPROM_REGION_LENGTH__ = DEFINED (__EEPROM_REGION_LENGTH__)?__EEPROM_REGION_LENGTH__:0x10000
                [0x00000003]                __FUSE_REGION_LENGTH__ = DEFINED (__FUSE_REGION_LENGTH__)?__FUSE_REGION_LENGTH__:0x400
                0x00000400                __LOCK_REGION_LENGTH__ = DEFINED (__LOCK_REGION_LENGTH__)?__LOCK_REGION_LENGTH__:0x400
                0x00000400                __SIGNATURE_REGION_LENGTH__ = DEFINED (__SIGNATURE_REGION_LENGTH__)?__SIGNATURE_REGION_LENGTH__:0x400
                0x00000400                __USER_SIGNATURE_REGION_LENGTH__ = DEFINED (__USER_SIGNATURE_REGION_LENGTH__)?__USER_SIGNATURE_REGION_LENGTH__:0x400

.hash
 *(.hash)

.dynsym
 *(.dynsym)

.dynstr
 *(.dynstr)

.gnu.version
 *(.gnu.version)

.gnu.version_d
 *(.gnu.version_d)

.gnu.version_r
 *(.gnu.version_r)

.rel.init
 *(.rel.init)

.rela.init
 *(.rela.init)

.rel.text
 *(.rel.text)
 *(.rel.text.*)
 *(.rel.gnu.linkonce.t*)

.rela.text
 *(.rela.text)
 *(.rela.text.*)
 *(.rela.gnu.linkonce.t*)

.rel.fini
 *(.rel.fini)

.rela.fini
 *(.rela.fini)

.rel.rodata
 *(.rel.rodata)
 *(.rel.rodata.*)
 *(.rel.gnu.linkonce.r*)

.rela.rodata
 *(.rela.rodata)
 *(.rela.rodata.*)
 *(.rela.gnu.linkonce.r*)

.rel.data
 *(.rel.data)
 *(.rel.data.*)
 *(.rel.gnu.linkonce.d*)

.rela.data
 *(.rela.data)
 *(.rela.data.*)
 *(.rela.gnu.linkonce.d*)

.rel.ctors
 *(.rel.ctors)

.rela.ctors
 *(.rela.ctors)

.rel.dtors
 *(.rel.dtors)

.rela.dtors
 *(.rela.dtors)

.rel.got
 *(.rel.got)

.rela.got
 *(.rela.got)

.rel.bss
 *(.rel.bss)

.rela.bss
 *(.rela.bss)

.rel.plt
 *(.rel.plt)

.rela.plt
 *(.rela.plt)

.text           0x00000000      0xfc0
 *(.vectors)
 .vectors       0x00000000       0x98 C:/Program Files (x86)/Atmel/Studio/7.0/Packs/atmel/ATmega_DFP/1.2.209/gcc/dev/at90usb1287/avr51/crtat90usb1287.o
                0x00000000                __vectors
 *(.vectors)
 *(.progmem.gcc*)
                0x00000098                . = ALIGN (0x2)
                0x00000098                __trampolines_start = .
 *(.trampolines)
 .trampolines   0x00000098        0x0 linker stubs
 *(.trampolines*)
                0x00000098                __trampolines_end = .
 *libprintf_flt.a:*(.progmem.data)
 *libc.a:*(.progmem.data)
 *(.progmem*)
                0x00000098                . = ALIGN (0x2)
 *(.jumptables)
 *(.jumptables*)
 *(.lowtext)
 *(.lowtext*)
                0x00000098                __ctors_start = .
 *(.ctors)
                0x00000098                __ctors_end = .
                0x00000098                __dtors_start = .
 *(.dtors)
                0x00000098                __dtors_end = .
 SORT(*)(.ctors)
 SORT(*)(.dtors)
 *(.init0)
 .init0         0x00000098        0x0 C:/Program Files (x86)/Atmel/Studio/7.0/Packs/atmel/ATmega_DFP/1.2.209/gcc/dev/at90usb1287/avr51/crtat90usb1287.o
                0x00000098                __init
 *(.init0)
 *(.init1)
 *(.init1)
 *(.init2)
 .init2         0x00000098        0xc C:/Program Files (x86)/Atmel/Studio/7.0/Packs/atmel/ATmega_DFP/1.2.209/gcc/dev/at90usb1287/avr51/crtat90usb1287.o
 *(.init2)
 *(.init3)
 *(.init3)
 *(.init4)
 .init4         0x000000a4       0x1a c:/program files (x86)/atmel/studio/7.0/toolchain/avr8/avr8-gnu-toolchain/bin/../lib/gcc/avr/5.4.0/avr51\libgcc.a(_copy_data.o)
                0x000000a4                __do_copy_data
 .init4         0x000000be       0x10 c:/program files (x86)/atmel/studio/7.0/toolchain/avr8/avr8-gnu-toolchain/bin/../lib/gcc/avr/5.4.0/avr51\libgcc.a(_clear_bss.o)
                0x000000be                __do_clear_bss
 *(.init4)
 *(.init5)
 *(.init5)
 *(.init6)
 *(.init6)
 *(.init7)
 *(.init7)
 *(.init8)
 *(.init8)
 *(.init9)
 .init9         0x000000ce        0x4 C:/Program Files (x86)/Atmel/Studio/7.0/Packs/atmel/ATmega_DFP/1.2.209/gcc/dev/at90usb1287/avr51/crtat90usb1287.o
 *(.init9)
 *(.text)
 .text          0x000000d2        0x2 C:/Program Files (x86)/Atmel/Studio/7.0/Packs/atmel/ATmega_DFP/1.2.209/gcc/dev/at90usb1287/avr51/crtat90usb1287.o
                0x000000d2                __vector_22
                0x000000d2                __vector_28
                0x000000d2                __vector_1
                0x000000d2                __vector_32
                0x000000d2                __vector_34
                0x000000d2                __vector_24
                0x000000d2                __vector_12
                0x000000d2                __bad_interrupt
                0x000000d2                __vector_6
                0x000000d2                __vector_31
                0x000000d2                __vector_35
                0x000000d2                __vector_3
                0x000000d2                __vector_23
                0x000000d2                __vector_30
                0x000000d2                __vector_25
                0x000000d2                __vector_11
                0x000000d2                __vector_19
                0x000000d2                __vector_7
                0x000000d2                __vector_27
                0x000000d2                __vector_5
                0x000000d2                __vector_33
                0x000000d2                __vector_37
                0x000000d2                __vector_4
                0x000000d2                __vector_9
                0x000000d2                __vector_2
                0x000000d2                __vector_21
                0x000000d2                __vector_15
                0x000000d2                __vector_36
                0x000000d2                __vector_8
                0x000000d2                __vector_26
                0x000000d2                __vector_14
                0x000000d2                __vector_10
                0x000000d2                __vector_16
                0x000000d2                __vector_18
                0x000000d2                __vector_20
                0x000000d4                . = ALIGN (0x2)
 *(.text.*)
 .text.ADC_Init
                0x000000d4       0x2c adc.o
                0x000000d4                ADC_Init
 .text.__vector_29
                0x00000100       0x98 adc.o
                0x00000100                __vector_29
 .text.SERVER_Task
                0x00000198       0xd6 blinky.o
                0x00000198                SERVER_Task
 .text.ADC_Task
                0x0000026e      0x10a blinky.o
                0x0000026e                ADC_Task
 .text.MAG_Task
                0x00000378       0x44 blinky.o
                0x00000378                MAG_Task
 .text.EXIT_Task
                0x000003bc       0xee blinky.o
                0x000003bc                EXIT_Task
 .text.BTN_Task
                0x000004aa       0x3a blinky.o
                0x000004aa                BTN_Task
 .text.WATCHDOG_Task
                0x000004e4        0xc blinky.o
                0x000004e4                WATCHDOG_Task
 .text.D_Blinky
                0x000004f0        0xa blinky.o
                0x000004f0                D_Blinky
 .text.ADD_Task
                0x000004fa        0x2 blinky.o
                0x000004fa                ADD_Task
 .text.LL_ItemInit
                0x000004fc       0x30 linkedlist.o
                0x000004fc                LL_ItemInit
 .text.LL_ItemListInit
                0x0000052c       0x20 linkedlist.o
                0x0000052c                LL_ItemListInit
 .text.LL_Next  0x0000054c        0x8 linkedlist.o
                0x0000054c                LL_Next
 .text.LL_AddBack
                0x00000554       0x22 linkedlist.o
                0x00000554                LL_AddBack
 .text.LL_GetClass
                0x00000576        0xa linkedlist.o
                0x00000576                LL_GetClass
 .text.LL_GetRefl
                0x00000580        0xc linkedlist.o
                0x00000580                LL_GetRefl
 .text.LL_GetMag
                0x0000058c        0xa linkedlist.o
                0x0000058c                LL_GetMag
 .text.LL_UpdateRefl
                0x00000596        0xc linkedlist.o
                0x00000596                LL_UpdateRefl
 .text.LL_UpdateMag
                0x000005a2        0xa linkedlist.o
                0x000005a2                LL_UpdateMag
 .text.LL_UpdateClass
                0x000005ac        0xa linkedlist.o
                0x000005ac                LL_UpdateClass
 .text.LL_UpdateStatus
                0x000005b6        0xa linkedlist.o
                0x000005b6                LL_UpdateStatus
 .text.GPIO_Init
                0x000005c0       0x16 gpio.o
                0x000005c0                GPIO_Init
 .text.main     0x000005d6      0x178 main.o
                0x000005d6                main
 .text.__vector_default
                0x0000074e       0x10 main.o
                0x0000074e                __vector_default
 .text.PWM_Init
                0x0000075e       0x12 pwm.o
                0x0000075e                PWM_Init
 .text.PWM      0x00000770       0x28 pwm.o
                0x00000770                PWM
 .text.STEPPER_Init
                0x00000798       0x4e stepper.o
                0x00000798                STEPPER_Init
 .text.STEPPER_NumSteps
                0x000007e6       0x32 stepper.o
                0x000007e6                STEPPER_NumSteps
 .text.STEPPER_Rotate
                0x00000818       0x6c stepper.o
                0x00000818                STEPPER_Rotate
 .text.STEPPER_SetRotation
                0x00000884       0x2a stepper.o
                0x00000884                STEPPER_SetRotation
 .text.__vector_13
                0x000008ae      0x1ba stepper.o
                0x000008ae                __vector_13
 .text.SYS_Init
                0x00000a68       0xd8 sys.o
                0x00000a68                SYS_Init
 .text.__vector_17
                0x00000b40       0xea timer.o
                0x00000b40                __vector_17
 .text.TIMER_Init
                0x00000c2a       0x34 timer.o
                0x00000c2a                TIMER_Init
 .text.TIMER_Create
                0x00000c5e       0xc2 timer.o
                0x00000c5e                TIMER_Create
 .text.UART_Init
                0x00000d20       0x20 uart.o
                0x00000d20                UART_Init
 .text.UART_SendChar
                0x00000d40       0x10 uart.o
                0x00000d40                UART_SendChar
 .text.UART_SendString
                0x00000d50       0x1c uart.o
                0x00000d50                UART_SendString
 .text.avr-libc
                0x00000d6c      0x242 c:/program files (x86)/atmel/studio/7.0/toolchain/avr8/avr8-gnu-toolchain/bin/../lib/gcc/avr/5.4.0/../../../../avr/lib/avr51\libc.a(malloc.o)
                0x00000d6c                malloc
                0x00000e9c                free
 .text.avr-libc
                0x00000fae        0xe c:/program files (x86)/atmel/studio/7.0/toolchain/avr8/avr8-gnu-toolchain/bin/../lib/gcc/avr/5.4.0/../../../../avr/lib/avr51\libc.a(memset.o)
                0x00000fae                memset
                0x00000fbc                . = ALIGN (0x2)
 *(.fini9)
 .fini9         0x00000fbc        0x0 c:/program files (x86)/atmel/studio/7.0/toolchain/avr8/avr8-gnu-toolchain/bin/../lib/gcc/avr/5.4.0/avr51\libgcc.a(_exit.o)
                0x00000fbc                _exit
                0x00000fbc                exit
 *(.fini9)
 *(.fini8)
 *(.fini8)
 *(.fini7)
 *(.fini7)
 *(.fini6)
 *(.fini6)
 *(.fini5)
 *(.fini5)
 *(.fini4)
 *(.fini4)
 *(.fini3)
 *(.fini3)
 *(.fini2)
 *(.fini2)
 *(.fini1)
 *(.fini1)
 *(.fini0)
 .fini0         0x00000fbc        0x4 c:/program files (x86)/atmel/studio/7.0/toolchain/avr8/avr8-gnu-toolchain/bin/../lib/gcc/avr/5.4.0/avr51\libgcc.a(_exit.o)
 *(.fini0)
                0x00000fc0                _etext = .

.data           0x00800100      0x11c load address 0x00000fc0
                0x00800100                PROVIDE (__data_start, .)
 *(.data)
 .data          0x00800100        0x6 c:/program files (x86)/atmel/studio/7.0/toolchain/avr8/avr8-gnu-toolchain/bin/../lib/gcc/avr/5.4.0/../../../../avr/lib/avr51\libc.a(malloc.o)
                0x00800100                __malloc_heap_end
                0x00800102                __malloc_heap_start
                0x00800104                __malloc_margin
 *(.data*)
 .data.position.2382
                0x00800106        0x6 blinky.o
 .data.pin5state.2349
                0x0080010c        0x1 blinky.o
 .data.pin6state.2348
                0x0080010d        0x1 blinky.o
 .data.pin7state.2347
                0x0080010e        0x1 blinky.o
 .data.position.2364
                0x0080010f        0x6 main.o
 .data.accell   0x00800115        0x6 stepper.o
                0x00800115                accell
 *(.gnu.linkonce.d*)
 *(.rodata)
 *(.rodata*)
 .rodata.str1.1
                0x0080011b       0x25 main.o
 .rodata.BELT_SPEED
                0x00800140        0x1 main.o
                0x00800140                BELT_SPEED
 .rodata.str1.1
                0x00800141       0xdb sys.o
                                 0xee (size before relaxing)
 *(.gnu.linkonce.r*)
                0x0080021c                . = ALIGN (0x2)
                0x0080021c                _edata = .
                0x0080021c                PROVIDE (__data_end, .)

.bss            0x0080021c       0x81
                0x0080021c                PROVIDE (__bss_start, .)
 *(.bss)
 *(.bss*)
 .bss.debounce.2391
                0x0080021c        0x1 blinky.o
 .bss.delay.2385
                0x0080021d        0x1 blinky.o
 .bss.memory.2384
                0x0080021e        0x1 blinky.o
 .bss.tick.2378
                0x0080021f        0x1 blinky.o
 .bss._timer_tick
                0x00800220        0x2 timer.o
 *(COMMON)
 COMMON         0x00800222       0x6b adc.o
                0x00800222                HEAD
                0x00800224                FRONT
                0x00800226                TAIL
                0x00800228                g_ADCResult
                0x0080023c                g_ADCCount
                0x0080023e                g_MotorOn
                0x0080023f                g_WDTimeout
                0x00800240                STAGE1
                0x00800242                _timer
                0x0080028a                STAGE2
                0x0080028c                g_PauseRequest
 COMMON         0x0080028d        0xc blinky.o
                0x0080028d                stepper
 COMMON         0x00800299        0x4 c:/program files (x86)/atmel/studio/7.0/toolchain/avr8/avr8-gnu-toolchain/bin/../lib/gcc/avr/5.4.0/../../../../avr/lib/avr51\libc.a(malloc.o)
                0x00800299                __brkval
                0x0080029b                __flp
                0x0080029d                PROVIDE (__bss_end, .)
                0x00000fc0                __data_load_start = LOADADDR (.data)
                0x000010dc                __data_load_end = (__data_load_start + SIZEOF (.data))

.noinit         0x0080029d        0x0
                [!provide]                PROVIDE (__noinit_start, .)
 *(.noinit*)
                [!provide]                PROVIDE (__noinit_end, .)
                0x0080029d                _end = .
                0x0080029d                PROVIDE (__heap_start, .)

.eeprom         0x00810000        0x0
 *(.eeprom*)
                0x00810000                __eeprom_end = .

.fuse
 *(.fuse)
 *(.lfuse)
 *(.hfuse)
 *(.efuse)

.lock
 *(.lock*)

.signature
 *(.signature*)

.user_signatures
 *(.user_signatures*)

.stab
 *(.stab)

.stabstr
 *(.stabstr)

.stab.excl
 *(.stab.excl)

.stab.exclstr
 *(.stab.exclstr)

.stab.index
 *(.stab.index)

.stab.indexstr
 *(.stab.indexstr)

.comment        0x00000000       0x30
 *(.comment)
 .comment       0x00000000       0x30 adc.o
                                 0x31 (size before relaxing)
 .comment       0x00000030       0x31 blinky.o
 .comment       0x00000030       0x31 linkedlist.o
 .comment       0x00000030       0x31 gpio.o
 .comment       0x00000030       0x31 main.o
 .comment       0x00000030       0x31 pwm.o
 .comment       0x00000030       0x31 stepper.o
 .comment       0x00000030       0x31 sys.o
 .comment       0x00000030       0x31 timer.o
 .comment       0x00000030       0x31 uart.o
 .comment       0x00000030       0x31 c:/program files (x86)/atmel/studio/7.0/toolchain/avr8/avr8-gnu-toolchain/bin/../lib/gcc/avr/5.4.0/../../../../avr/lib/avr51\libc.a(malloc.o)

.note.gnu.avr.deviceinfo
                0x00000000       0x40
 .note.gnu.avr.deviceinfo
                0x00000000       0x40 C:/Program Files (x86)/Atmel/Studio/7.0/Packs/atmel/ATmega_DFP/1.2.209/gcc/dev/at90usb1287/avr51/crtat90usb1287.o

.note.gnu.build-id
 *(.note.gnu.build-id)

.debug
 *(.debug)

.line
 *(.line)

.debug_srcinfo
 *(.debug_srcinfo)

.debug_sfnames
 *(.debug_sfnames)

.debug_aranges  0x00000000      0x300
 *(.debug_aranges)
 .debug_aranges
                0x00000000       0x28 adc.o
 .debug_aranges
                0x00000028       0x90 blinky.o
 .debug_aranges
                0x000000b8       0xf8 linkedlist.o
 .debug_aranges
                0x000001b0       0x20 gpio.o
 .debug_aranges
                0x000001d0       0x28 main.o
 .debug_aranges
                0x000001f8       0x28 pwm.o
 .debug_aranges
                0x00000220       0x40 stepper.o
 .debug_aranges
                0x00000260       0x30 sys.o
 .debug_aranges
                0x00000290       0x38 timer.o
 .debug_aranges
                0x000002c8       0x38 uart.o

.debug_pubnames
 *(.debug_pubnames)

.debug_info     0x00000000     0x432a
 *(.debug_info .gnu.linkonce.wi.*)
 .debug_info    0x00000000      0xb70 C:/Program Files (x86)/Atmel/Studio/7.0/Packs/atmel/ATmega_DFP/1.2.209/gcc/dev/at90usb1287/avr51/crtat90usb1287.o
 .debug_info    0x00000b70      0x2af adc.o
 .debug_info    0x00000e1f      0x9fb blinky.o
 .debug_info    0x0000181a      0xade linkedlist.o
 .debug_info    0x000022f8       0x8b gpio.o
 .debug_info    0x00002383      0x837 main.o
 .debug_info    0x00002bba      0x27e pwm.o
 .debug_info    0x00002e38      0x3bc stepper.o
 .debug_info    0x000031f4      0xaad sys.o
 .debug_info    0x00003ca1      0x400 timer.o
 .debug_info    0x000040a1      0x289 uart.o

.debug_abbrev   0x00000000     0x1a3b
 *(.debug_abbrev)
 .debug_abbrev  0x00000000      0xad2 C:/Program Files (x86)/Atmel/Studio/7.0/Packs/atmel/ATmega_DFP/1.2.209/gcc/dev/at90usb1287/avr51/crtat90usb1287.o
 .debug_abbrev  0x00000ad2      0x104 adc.o
 .debug_abbrev  0x00000bd6      0x290 blinky.o
 .debug_abbrev  0x00000e66      0x247 linkedlist.o
 .debug_abbrev  0x000010ad       0x56 gpio.o
 .debug_abbrev  0x00001103      0x1e2 main.o
 .debug_abbrev  0x000012e5      0x14a pwm.o
 .debug_abbrev  0x0000142f      0x121 stepper.o
 .debug_abbrev  0x00001550      0x1bd sys.o
 .debug_abbrev  0x0000170d      0x1f5 timer.o
 .debug_abbrev  0x00001902      0x139 uart.o

.debug_line     0x00000000     0x3051
 *(.debug_line .debug_line.* .debug_line_end)
 .debug_line    0x00000000      0x17b C:/Program Files (x86)/Atmel/Studio/7.0/Packs/atmel/ATmega_DFP/1.2.209/gcc/dev/at90usb1287/avr51/crtat90usb1287.o
 .debug_line    0x0000017b      0x370 adc.o
 .debug_line    0x000004eb      0x740 blinky.o
 .debug_line    0x00000c2b      0x6e9 linkedlist.o
 .debug_line    0x00001314      0x279 gpio.o
 .debug_line    0x0000158d      0x49f main.o
 .debug_line    0x00001a2c      0x359 pwm.o
 .debug_line    0x00001d85      0x592 stepper.o
 .debug_line    0x00002317      0x548 sys.o
 .debug_line    0x0000285f      0x44d timer.o
 .debug_line    0x00002cac      0x3a5 uart.o

.debug_frame    0x00000000      0x770
 *(.debug_frame)
 .debug_frame   0x00000000       0x5c adc.o
 .debug_frame   0x0000005c      0x128 blinky.o
 .debug_frame   0x00000184      0x270 linkedlist.o
 .debug_frame   0x000003f4       0x24 gpio.o
 .debug_frame   0x00000418       0x40 main.o
 .debug_frame   0x00000458       0x34 pwm.o
 .debug_frame   0x0000048c       0xc0 stepper.o
 .debug_frame   0x0000054c       0xf8 sys.o
 .debug_frame   0x00000644       0xcc timer.o
 .debug_frame   0x00000710       0x60 uart.o

.debug_str      0x00000000     0x9121
 *(.debug_str)
 .debug_str     0x00000000      0x3f7 C:/Program Files (x86)/Atmel/Studio/7.0/Packs/atmel/ATmega_DFP/1.2.209/gcc/dev/at90usb1287/avr51/crtat90usb1287.o
 .debug_str     0x000003f7     0x8100 adc.o
                               0x8357 (size before relaxing)
 .debug_str     0x000084f7      0x757 blinky.o
                               0x8ad9 (size before relaxing)
 .debug_str     0x00008c4e      0x235 linkedlist.o
                               0x8468 (size before relaxing)
 .debug_str     0x00008e83       0x16 gpio.o
                               0x7a23 (size before relaxing)
 .debug_str     0x00008e99      0x11b main.o
                               0x8ac8 (size before relaxing)
 .debug_str     0x00008fb4       0x1e pwm.o
                               0x819f (size before relaxing)
 .debug_str     0x00008fd2       0x64 stepper.o
                               0x8259 (size before relaxing)
 .debug_str     0x00009036       0x76 sys.o
                               0x8aa9 (size before relaxing)
 .debug_str     0x000090ac       0x41 timer.o
                               0x83c3 (size before relaxing)
 .debug_str     0x000090ed       0x34 uart.o
                               0x8681 (size before relaxing)

.debug_loc      0x00000000     0x17ed
 *(.debug_loc)
 .debug_loc     0x00000000       0x7d adc.o
 .debug_loc     0x0000007d      0x400 blinky.o
 .debug_loc     0x0000047d      0x855 linkedlist.o
 .debug_loc     0x00000cd2      0x13b main.o
 .debug_loc     0x00000e0d       0x73 pwm.o
 .debug_loc     0x00000e80      0x1e9 stepper.o
 .debug_loc     0x00001069      0x3b4 sys.o
 .debug_loc     0x0000141d      0x322 timer.o
 .debug_loc     0x0000173f       0xae uart.o

.debug_macinfo
 *(.debug_macinfo)

.debug_weaknames
 *(.debug_weaknames)

.debug_funcnames
 *(.debug_funcnames)

.debug_typenames
 *(.debug_typenames)

.debug_varnames
 *(.debug_varnames)

.debug_pubtypes
 *(.debug_pubtypes)

.debug_ranges   0x00000000      0x2d8
 *(.debug_ranges)
 .debug_ranges  0x00000000       0x18 adc.o
 .debug_ranges  0x00000018       0x98 blinky.o
 .debug_ranges  0x000000b0      0x100 linkedlist.o
 .debug_ranges  0x000001b0       0x10 gpio.o
 .debug_ranges  0x000001c0       0x18 main.o
 .debug_ranges  0x000001d8       0x18 pwm.o
 .debug_ranges  0x000001f0       0x30 stepper.o
 .debug_ranges  0x00000220       0x50 sys.o
 .debug_ranges  0x00000270       0x40 timer.o
 .debug_ranges  0x000002b0       0x28 uart.o

.debug_macro    0x00000000     0x4102
 *(.debug_macro)
 .debug_macro   0x00000000      0x111 adc.o
 .debug_macro   0x00000111      0xa66 adc.o
 .debug_macro   0x00000b77       0x1c adc.o
 .debug_macro   0x00000b93      0x10e adc.o
 .debug_macro   0x00000ca1       0x66 adc.o
 .debug_macro   0x00000d07      0x1c9 adc.o
 .debug_macro   0x00000ed0       0x10 adc.o
 .debug_macro   0x00000ee0      0x302 adc.o
 .debug_macro   0x000011e2       0x9e adc.o
 .debug_macro   0x00001280     0x1953 adc.o
 .debug_macro   0x00002bd3      0x106 adc.o
 .debug_macro   0x00002cd9      0x1e0 adc.o
 .debug_macro   0x00002eb9       0xcb adc.o
 .debug_macro   0x00002f84       0x34 adc.o
 .debug_macro   0x00002fb8       0x18 adc.o
 .debug_macro   0x00002fd0       0x6c adc.o
 .debug_macro   0x0000303c       0x63 adc.o
 .debug_macro   0x0000309f       0x34 adc.o
 .debug_macro   0x000030d3       0x22 adc.o
 .debug_macro   0x000030f5       0x40 adc.o
 .debug_macro   0x00003135       0x16 adc.o
 .debug_macro   0x0000314b       0x20 adc.o
 .debug_macro   0x0000316b      0x177 blinky.o
 .debug_macro   0x000032e2       0x69 blinky.o
 .debug_macro   0x0000334b       0x2e blinky.o
 .debug_macro   0x00003379       0x58 blinky.o
 .debug_macro   0x000033d1       0x10 blinky.o
 .debug_macro   0x000033e1       0xf2 blinky.o
 .debug_macro   0x000034d3       0xe5 linkedlist.o
 .debug_macro   0x000035b8       0xa9 gpio.o
 .debug_macro   0x00003661      0x2fc gpio.o
 .debug_macro   0x0000395d      0x18f main.o
 .debug_macro   0x00003aec       0xef pwm.o
 .debug_macro   0x00003bdb      0x101 stepper.o
 .debug_macro   0x00003cdc      0x171 sys.o
 .debug_macro   0x00003e4d      0x101 timer.o
 .debug_macro   0x00003f4e      0x10a uart.o
 .debug_macro   0x00004058       0xaa uart.o
OUTPUT(MECH458.elf elf32-avr)
LOAD linker stubs
